loading data (cached under .auto/cache) ...
   calib kettle: 5 sessions of 2656 available
   calib microwave: 5 sessions of 2055 available
   calib fridge: 5 sessions of 191926 available
   calib washing_machine: 5 sessions of 20322 available
   calib dishwasher: 5 sessions of 9334 available
building + training model (src/experiments/04_autoresearch/model.py) ...
   per-device pos_weight: {'kettle': 34.1, 'microwave': 50.0, 'fridge': 1.3, 'washing_machine': 50.0, 'dishwasher': 1.0}
   epoch 0: train_mse_on=3.83482 bce=30.91645 val_mse_on=0.02994 val_mse_full=0.16332
   epoch 1: train_mse_on=0.34706 bce=28.65185 val_mse_on=0.00725 val_mse_full=0.19386
   epoch 2: train_mse_on=0.17267 bce=28.49307 val_mse_on=0.00644 val_mse_full=0.18486
   epoch 3: train_mse_on=0.15707 bce=28.38297 val_mse_on=0.00570 val_mse_full=0.19230
   epoch 4: train_mse_on=0.14250 bce=28.36142 val_mse_on=0.00544 val_mse_full=0.18630
   epoch 5: train_mse_on=0.13514 bce=28.29888 val_mse_on=0.00527 val_mse_full=0.18810
   epoch 6: train_mse_on=0.13325 bce=28.34183 val_mse_on=0.00512 val_mse_full=0.18765
   epoch 7: train_mse_on=0.13057 bce=28.21740 val_mse_on=0.00507 val_mse_full=0.18371
   epoch 8: train_mse_on=0.12837 bce=28.21004 val_mse_on=0.00505 val_mse_full=0.18564
   epoch 9: train_mse_on=0.12725 bce=28.21465 val_mse_on=0.00501 val_mse_full=0.18176
   epoch 10: train_mse_on=0.12613 bce=28.24774 val_mse_on=0.00490 val_mse_full=0.18920
   epoch 11: train_mse_on=0.12464 bce=28.22058 val_mse_on=0.00490 val_mse_full=0.18285
   calib-gate kettle: sigON p05/p50/p95=0.39/0.44/0.65 sigOFF p50/p95=0.46/0.64 gate=0.52 | amp med_pred=2846W med_true=2331W r=0.82 (x3996)
   calib-gate microwave: sigON p05/p50/p95=0.00/0.02/0.04 sigOFF p50/p95=0.02/0.06 gate=0.05 | amp med_pred=1250W med_true=1588W r=1.27 (x2668)
   calib-gate fridge: sigON p05/p50/p95=0.47/0.50/0.51 sigOFF p50/p95=0.51/0.52 gate=0.49 | amp med_pred=73W med_true=90W r=1.24 (x2048)
   calib-gate washing_machine: sigON p05/p50/p95=0.38/0.49/0.52 sigOFF p50/p95=0.50/0.52 gate=0.45 | amp med_pred=964W med_true=1778W r=1.84 (x2974)
   calib-gate dishwasher: sigON p05/p50/p95=0.63/0.66/0.67 sigOFF p50/p95=0.67/0.67 gate=0.65 | amp med_pred=1982W med_true=122W r=0.50 (x3964)
   gate_thr: {'kettle': 0.52, 'microwave': 0.05, 'fridge': 0.49, 'washing_machine': 0.45, 'dishwasher': 0.65}
   decode routing: sigma=497W vis= {'kettle': 4.69, 'microwave': 3.2, 'fridge': 0.18, 'washing_machine': 3.58, 'dishwasher': 0.25} live= {'kettle': True, 'microwave': False, 'fridge': True, 'washing_machine': True, 'dishwasher': True} mode= {'kettle': 'MAP', 'microwave': 'direct', 'fridge': 'direct', 'washing_machine': 'MAP', 'dishwasher': 'direct'} amp= {'kettle': 2331, 'microwave': 1588, 'fridge': 90, 'washing_machine': 1778, 'dishwasher': 122}
predicting eval span ...
   prediction done in 6.0s

device            n_gt   n_pred  match     P      R      F1     MAE_W   nMAE
kettle              299     628     78   0.124  0.261  0.168      30.7  0.0895
microwave           262     787      3   0.004  0.011  0.006     324.5  0.9461
fridge            28034   12146    512   0.042  0.018  0.025      53.4  0.1556
washing_machine    2966    1081    326   0.302  0.110  0.161      46.2  0.1347
dishwasher         1353       1      0   0.000  0.000  0.000     810.3  2.3626
pooled: n_gt=32914 n_pred=14643 n_matched=919 F1=0.039
coverage: pred=3.719 true=0.258 of aggregate

METRIC min_device_f1=0.000000
METRIC mean_device_f1=0.072119
METRIC pooled_episode_f1=0.038648
METRIC mean_mae_w=253.0036
METRIC worst_mae_w=810.2807
METRIC mean_nmae=0.737693
METRIC coverage_pred_share=3.719321
METRIC coverage_true_share=0.258188
METRIC min_device_f1=0.000000
elapsed 55s -> /root/longvdh/agent_space/projects/watt-wiser/.auto/last_bench.json
