loading data (cached under .auto/cache) ...
   calib kettle: 5 sessions of 2656 available
   calib microwave: 5 sessions of 2055 available
   calib fridge: 5 sessions of 191926 available
   calib washing_machine: 5 sessions of 20322 available
   calib dishwasher: 5 sessions of 9334 available
building + training model (src/experiments/04_autoresearch/model.py) ...
   per-device pos_weight: {'kettle': 34.1, 'microwave': 50.0, 'fridge': 1.3, 'washing_machine': 50.0, 'dishwasher': 1.0}
   epoch 0: train_mse_on=2.29108 bce=28.15540 val_mse_on=0.01668 val_mse_full=0.22657
   epoch 1: train_mse_on=0.42239 bce=21.91978 val_mse_on=0.00914 val_mse_full=0.20383
   epoch 2: train_mse_on=0.23266 bce=18.21319 val_mse_on=0.00847 val_mse_full=0.16221
   epoch 3: train_mse_on=0.19566 bce=14.54929 val_mse_on=0.00746 val_mse_full=0.14908
   epoch 4: train_mse_on=0.16351 bce=12.78047 val_mse_on=0.00720 val_mse_full=0.14903
   epoch 5: train_mse_on=0.15136 bce=11.57510 val_mse_on=0.00588 val_mse_full=0.17029
   epoch 6: train_mse_on=0.17957 bce=10.54927 val_mse_on=0.01764 val_mse_full=0.17075
   epoch 7: train_mse_on=0.21468 bce=9.69184 val_mse_on=0.00805 val_mse_full=0.15768
   epoch 8: train_mse_on=0.15391 bce=9.14014 val_mse_on=0.00603 val_mse_full=0.14359
   epoch 9: train_mse_on=0.12979 bce=8.84415 val_mse_on=0.00544 val_mse_full=0.14196
   epoch 10: train_mse_on=0.11666 bce=8.06518 val_mse_on=0.00514 val_mse_full=0.14033
   epoch 11: train_mse_on=0.11239 bce=7.61227 val_mse_on=0.00523 val_mse_full=0.12181
   calib-gate kettle: sigON p05/p50/p95=0.00/0.90/1.00 sigOFF p50/p95=0.00/0.77 gate=0.39 | amp med_pred=3032W med_true=2331W r=0.77 (x3996)
   calib-gate microwave: sigON p05/p50/p95=0.00/0.00/0.00 sigOFF p50/p95=0.00/0.00 gate=0.05 | amp med_pred=1798W med_true=1588W r=0.88 (x2668)
   calib-gate fridge: sigON p05/p50/p95=0.43/0.44/0.47 sigOFF p50/p95=0.46/0.49 gate=0.46 | amp med_pred=114W med_true=90W r=0.79 (x2048)
   calib-gate washing_machine: sigON p05/p50/p95=0.88/1.00/1.00 sigOFF p50/p95=0.97/1.00 gate=0.94 | amp med_pred=1402W med_true=1778W r=1.27 (x2974)
   calib-gate dishwasher: sigON p05/p50/p95=0.00/0.01/1.00 sigOFF p50/p95=0.01/0.01 gate=0.05 | amp med_pred=1711W med_true=122W r=0.50 (x3964)
   gate_thr: {'kettle': 0.39, 'microwave': 0.05, 'fridge': 0.46, 'washing_machine': 0.94, 'dishwasher': 0.05}
   decode routing: sigma=497W vis= {'kettle': 4.69, 'microwave': 3.2, 'fridge': 0.18, 'washing_machine': 3.58, 'dishwasher': 0.25} live= {'kettle': True, 'microwave': False, 'fridge': True, 'washing_machine': True, 'dishwasher': True} mode= {'kettle': 'MAP', 'microwave': 'direct', 'fridge': 'direct', 'washing_machine': 'MAP', 'dishwasher': 'direct'} amp= {'kettle': 2331, 'microwave': 1588, 'fridge': 90, 'washing_machine': 1778, 'dishwasher': 122}
predicting eval span ...
   prediction done in 5.9s

device            n_gt   n_pred  match     P      R      F1     MAE_W   nMAE
kettle              299     507     79   0.156  0.264  0.196      27.9  0.0813
microwave           262      72      1   0.014  0.004  0.006      10.1  0.0294
fridge            28034   20711   6275   0.303  0.224  0.257      41.9  0.1223
washing_machine    2966    1470    723   0.492  0.244  0.326      40.9  0.1194
dishwasher         1353   11893     87   0.007  0.064  0.013      47.9  0.1397
pooled: n_gt=32914 n_pred=34653 n_matched=7165 F1=0.212
coverage: pred=0.475 true=0.258 of aggregate

METRIC min_device_f1=0.005988
METRIC mean_device_f1=0.159717
METRIC pooled_episode_f1=0.212086
METRIC mean_mae_w=33.7546
METRIC worst_mae_w=47.9224
METRIC mean_nmae=0.098420
METRIC coverage_pred_share=0.475154
METRIC coverage_true_share=0.258188
METRIC min_device_f1=0.005988
elapsed 58s -> /root/longvdh/agent_space/projects/watt-wiser/.auto/last_bench.json
