loading data (cached under .auto/cache) ...
   calib kettle: 5 sessions of 2656 available
   calib microwave: 5 sessions of 2055 available
   calib fridge: 5 sessions of 191926 available
   calib washing_machine: 5 sessions of 20322 available
   calib dishwasher: 5 sessions of 9334 available
building + training model (src/experiments/04_autoresearch/model.py) ...
   per-device pos_weight: {'kettle': 34.1, 'microwave': 50.0, 'fridge': 1.3, 'washing_machine': 50.0, 'dishwasher': 1.0}
   epoch 0: train_mse_on=2.04050 bce=27.67087 val_mse_on=0.01110 val_mse_full=0.17358
   epoch 1: train_mse_on=0.28853 bce=21.33250 val_mse_on=0.00729 val_mse_full=0.17978
   epoch 2: train_mse_on=0.18736 bce=17.22293 val_mse_on=0.00714 val_mse_full=0.15585
   epoch 3: train_mse_on=0.15815 bce=14.07574 val_mse_on=0.00641 val_mse_full=0.14253
   epoch 4: train_mse_on=0.14313 bce=13.03762 val_mse_on=0.00507 val_mse_full=0.15170
   epoch 5: train_mse_on=0.12928 bce=12.13725 val_mse_on=0.00547 val_mse_full=0.17317
   epoch 6: train_mse_on=0.12375 bce=11.50410 val_mse_on=0.00544 val_mse_full=0.14157
   epoch 7: train_mse_on=0.11208 bce=10.43708 val_mse_on=0.00440 val_mse_full=0.15426
   epoch 8: train_mse_on=0.11234 bce=10.13696 val_mse_on=0.00498 val_mse_full=0.14504
   epoch 9: train_mse_on=0.10983 bce=9.45356 val_mse_on=0.00407 val_mse_full=0.17320
   epoch 10: train_mse_on=0.10311 bce=8.79661 val_mse_on=0.00447 val_mse_full=0.15588
   epoch 11: train_mse_on=0.10103 bce=8.37671 val_mse_on=0.00459 val_mse_full=0.14412
   v19 mw context-mix FT: ok amp_cal=1588W segs=496 quiet=2626 high=330
   calib-gate kettle: sigON p05/p50/p95=0.01/0.93/1.00 sigOFF p50/p95=0.00/0.84 gate=0.43 | amp med_pred=2608W med_true=2331W r=0.89 (x3996)
   calib-gate microwave: sigON p05/p50/p95=0.00/0.00/0.00 sigOFF p50/p95=0.00/0.00 gate=0.05 | amp med_pred=1396W med_true=1588W r=1.14 (x2668)
   calib-gate fridge: sigON p05/p50/p95=0.16/0.20/0.29 sigOFF p50/p95=0.27/0.31 gate=0.23 | amp med_pred=123W med_true=90W r=0.73 (x2048)
   calib-gate washing_machine: sigON p05/p50/p95=0.55/0.96/1.00 sigOFF p50/p95=0.88/0.99 gate=0.77 | amp med_pred=1126W med_true=1778W r=1.58 (x2974)
   calib-gate dishwasher: sigON p05/p50/p95=0.00/0.00/1.00 sigOFF p50/p95=0.00/0.00 gate=0.05 | amp med_pred=228W med_true=122W r=0.53 (x3964)
   gate_thr: {'kettle': 0.43, 'microwave': 0.05, 'fridge': 0.23, 'washing_machine': 0.77, 'dishwasher': 0.05}
   decode routing: sigma=497W vis= {'kettle': 4.69, 'microwave': 3.2, 'fridge': 0.18, 'washing_machine': 3.58, 'dishwasher': 0.25} live= {'kettle': True, 'microwave': False, 'fridge': True, 'washing_machine': True, 'dishwasher': True} mode= {'kettle': 'MAP', 'microwave': 'direct', 'fridge': 'direct', 'washing_machine': 'MAP', 'dishwasher': 'direct'} amp= {'kettle': 2331, 'microwave': 1588, 'fridge': 90, 'washing_machine': 1778, 'dishwasher': 122}
predicting eval span ...
   prediction done in 3.1s

device            n_gt   n_pred  match     P      R      F1     MAE_W   nMAE
kettle              299     211     79   0.374  0.264  0.310      11.9  0.0347
microwave           262     234     12   0.051  0.046  0.048      17.3  0.0505
fridge            28034   17564   3325   0.189  0.119  0.146      43.2  0.1258
washing_machine    2966    1860    810   0.435  0.273  0.336      61.5  0.1793
dishwasher         1353    1750     46   0.026  0.034  0.030      30.7  0.0894
pooled: n_gt=32914 n_pred=21619 n_matched=4272 F1=0.157
coverage: pred=0.511 true=0.258 of aggregate

METRIC min_device_f1=0.029649
METRIC mean_device_f1=0.173872
METRIC pooled_episode_f1=0.156676
METRIC mean_mae_w=32.9102
METRIC worst_mae_w=61.5000
METRIC mean_nmae=0.095958
METRIC coverage_pred_share=0.511147
METRIC coverage_true_share=0.258188
METRIC min_device_f1=0.029649
elapsed 56s -> /root/longvdh/agent_space/projects/watt-wiser/.auto/last_bench.json
