loading data (cached under .auto/cache) ...
   calib kettle: 5 sessions of 2656 available
   calib microwave: 5 sessions of 2055 available
   calib fridge: 5 sessions of 191926 available
   calib washing_machine: 5 sessions of 20322 available
   calib dishwasher: 5 sessions of 9334 available
building + training model (src/experiments/04_autoresearch/model.py) ...
   [ch1] per-device pos_weight: {'kettle': 34.1, 'microwave': 50.0, 'fridge': 1.3, 'washing_machine': 50.0, 'dishwasher': 1.0}
   [ch1] epoch 0: train_mse_on=2.04050 bce=27.67087 val_mse_on=0.01110 val_mse_full=0.17358
   [ch1] epoch 1: train_mse_on=0.28853 bce=21.33250 val_mse_on=0.00729 val_mse_full=0.17978
   [ch1] epoch 2: train_mse_on=0.18736 bce=17.22293 val_mse_on=0.00714 val_mse_full=0.15585
   [ch1] epoch 3: train_mse_on=0.15815 bce=14.07574 val_mse_on=0.00641 val_mse_full=0.14253
   [ch1] epoch 4: train_mse_on=0.14313 bce=13.03762 val_mse_on=0.00507 val_mse_full=0.15170
   [ch1] epoch 5: train_mse_on=0.12928 bce=12.13725 val_mse_on=0.00547 val_mse_full=0.17317
   [ch1] epoch 6: train_mse_on=0.12375 bce=11.50410 val_mse_on=0.00544 val_mse_full=0.14157
   [ch1] epoch 7: train_mse_on=0.11208 bce=10.43708 val_mse_on=0.00440 val_mse_full=0.15426
   [ch1] epoch 8: train_mse_on=0.11234 bce=10.13696 val_mse_on=0.00498 val_mse_full=0.14504
   [ch1] epoch 9: train_mse_on=0.10983 bce=9.45356 val_mse_on=0.00407 val_mse_full=0.17320
   [ch1] epoch 10: train_mse_on=0.10311 bce=8.79661 val_mse_on=0.00447 val_mse_full=0.15588
   [ch1] epoch 11: train_mse_on=0.10103 bce=8.37671 val_mse_on=0.00459 val_mse_full=0.14412
   [ch1] mw context-mix FT: ok amp_cal=1588W segs=496 quiet=2626 high=330
   [ch1] calib-gate kettle: sigON p05/p50/p95=0.01/0.93/1.00 sigOFF p50/p95=0.00/0.84 gate=0.43 | amp med_pred=2608W med_true=2331W r=0.89 (x3996)
   [ch1] calib-gate microwave: sigON p05/p50/p95=0.00/0.00/0.00 sigOFF p50/p95=0.00/0.00 gate=0.05 | amp med_pred=1396W med_true=1588W r=1.14 (x2668)
   [ch1] calib-gate fridge: sigON p05/p50/p95=0.16/0.20/0.29 sigOFF p50/p95=0.27/0.31 gate=0.23 | amp med_pred=123W med_true=90W r=0.73 (x2048)
   [ch1] calib-gate washing_machine: sigON p05/p50/p95=0.55/0.96/1.00 sigOFF p50/p95=0.88/0.99 gate=0.77 | amp med_pred=1126W med_true=1778W r=1.58 (x2974)
   [ch1] calib-gate dishwasher: sigON p05/p50/p95=0.00/0.00/1.00 sigOFF p50/p95=0.00/0.00 gate=0.05 | amp med_pred=228W med_true=122W r=0.53 (x3964)
   [ch1] gate_thr: {'kettle': 0.43, 'microwave': 0.05, 'fridge': 0.23, 'washing_machine': 0.77, 'dishwasher': 0.05}
   [ch1] decode routing: sigma=497W vis= {'kettle': 4.69, 'microwave': 3.2, 'fridge': 0.18, 'washing_machine': 3.58, 'dishwasher': 0.25} live= {'kettle': True, 'microwave': False, 'fridge': True, 'washing_machine': True, 'dishwasher': True} mode= {'kettle': 'MAP', 'microwave': 'direct', 'fridge': 'direct', 'washing_machine': 'MAP', 'dishwasher': 'direct'} amp= {'kettle': 2331, 'microwave': 1588, 'fridge': 90, 'washing_machine': 1778, 'dishwasher': 122}
   [ch2] per-device pos_weight: {'kettle': 34.1, 'microwave': 50.0, 'fridge': 1.3, 'washing_machine': 50.0, 'dishwasher': 1.0}
   [ch2] epoch 0: train_mse_on=2.29108 bce=28.15540 val_mse_on=0.01668 val_mse_full=0.22657
   [ch2] epoch 1: train_mse_on=0.42239 bce=21.91978 val_mse_on=0.00914 val_mse_full=0.20383
   [ch2] epoch 2: train_mse_on=0.23266 bce=18.21319 val_mse_on=0.00847 val_mse_full=0.16221
   [ch2] epoch 3: train_mse_on=0.19566 bce=14.54929 val_mse_on=0.00746 val_mse_full=0.14908
   [ch2] epoch 4: train_mse_on=0.16351 bce=12.78047 val_mse_on=0.00720 val_mse_full=0.14903
   [ch2] epoch 5: train_mse_on=0.15136 bce=11.57510 val_mse_on=0.00588 val_mse_full=0.17029
   [ch2] epoch 6: train_mse_on=0.17957 bce=10.54927 val_mse_on=0.01764 val_mse_full=0.17075
   [ch2] epoch 7: train_mse_on=0.21468 bce=9.69184 val_mse_on=0.00805 val_mse_full=0.15768
   [ch2] epoch 8: train_mse_on=0.15391 bce=9.14014 val_mse_on=0.00603 val_mse_full=0.14359
   [ch2] epoch 9: train_mse_on=0.12979 bce=8.84415 val_mse_on=0.00544 val_mse_full=0.14196
   [ch2] epoch 10: train_mse_on=0.11666 bce=8.06518 val_mse_on=0.00514 val_mse_full=0.14033
   [ch2] epoch 11: train_mse_on=0.11239 bce=7.61227 val_mse_on=0.00523 val_mse_full=0.12181
   [ch2] mw context-mix FT: ok amp_cal=1588W segs=496 quiet=2626 high=330
   [ch2] calib-gate kettle: sigON p05/p50/p95=0.00/0.90/1.00 sigOFF p50/p95=0.00/0.77 gate=0.39 | amp med_pred=3032W med_true=2331W r=0.77 (x3996)
   [ch2] calib-gate microwave: sigON p05/p50/p95=0.00/0.00/0.00 sigOFF p50/p95=0.00/0.00 gate=0.05 | amp med_pred=1347W med_true=1588W r=1.18 (x2668)
   [ch2] calib-gate fridge: sigON p05/p50/p95=0.43/0.44/0.47 sigOFF p50/p95=0.46/0.49 gate=0.46 | amp med_pred=114W med_true=90W r=0.79 (x2048)
   [ch2] calib-gate washing_machine: sigON p05/p50/p95=0.88/1.00/1.00 sigOFF p50/p95=0.97/1.00 gate=0.94 | amp med_pred=1402W med_true=1778W r=1.27 (x2974)
   [ch2] calib-gate dishwasher: sigON p05/p50/p95=0.00/0.01/1.00 sigOFF p50/p95=0.01/0.01 gate=0.51 | amp med_pred=1711W med_true=122W r=0.50 (x3964)
   [ch2] gate_thr: {'kettle': 0.39, 'microwave': 0.05, 'fridge': 0.46, 'washing_machine': 0.94, 'dishwasher': 0.51}
   [ch2] decode routing: sigma=497W vis= {'kettle': 4.69, 'microwave': 3.2, 'fridge': 0.18, 'washing_machine': 3.58, 'dishwasher': 0.25} live= {'kettle': True, 'microwave': False, 'fridge': True, 'washing_machine': True, 'dishwasher': True} mode= {'kettle': 'MAP', 'microwave': 'direct', 'fridge': 'direct', 'washing_machine': 'MAP', 'dishwasher': 'direct'} amp= {'kettle': 2331, 'microwave': 1588, 'fridge': 90, 'washing_machine': 1778, 'dishwasher': 122}
predicting eval span ...
   prediction done in 11.1s

device            n_gt   n_pred  match     P      R      F1     MAE_W   nMAE
kettle              299     211     79   0.374  0.264  0.310      11.9  0.0347
microwave           262     116      9   0.078  0.034  0.048      11.6  0.0338
fridge            28034   20711   6275   0.303  0.224  0.257      41.9  0.1223
washing_machine    2966    1860    810   0.435  0.273  0.336      61.5  0.1793
dishwasher         1353    1750     46   0.026  0.034  0.030      30.7  0.0894
pooled: n_gt=32914 n_pred=24648 n_matched=7219 F1=0.251
coverage: pred=0.444 true=0.258 of aggregate

METRIC min_device_f1=0.029649
METRIC mean_device_f1=0.196043
METRIC pooled_episode_f1=0.250825
METRIC mean_mae_w=31.5184
METRIC worst_mae_w=61.5000
METRIC mean_nmae=0.091899
METRIC coverage_pred_share=0.444056
METRIC coverage_true_share=0.258188
METRIC min_device_f1=0.029649
elapsed 166s -> /root/longvdh/agent_space/projects/watt-wiser/.auto/last_bench.json
