loading data (cached under .auto/cache) ...
   calib kettle: 5 sessions of 2656 available
   calib microwave: 5 sessions of 2055 available
   calib fridge: 5 sessions of 191926 available
   calib washing_machine: 5 sessions of 20322 available
   calib dishwasher: 5 sessions of 9334 available
building + training model (src/experiments/04_autoresearch/model.py) ...
   per-device pos_weight: {'kettle': 34.1, 'microwave': 50.0, 'fridge': 1.3, 'washing_machine': 50.0, 'dishwasher': 1.0}
   epoch 0: train_mse_on=2.04050 bce=27.67087 val_mse_on=0.01110 val_mse_full=0.17358
   epoch 1: train_mse_on=0.28853 bce=21.33250 val_mse_on=0.00729 val_mse_full=0.17978
   epoch 2: train_mse_on=0.18736 bce=17.22293 val_mse_on=0.00714 val_mse_full=0.15585
   epoch 3: train_mse_on=0.15815 bce=14.07574 val_mse_on=0.00641 val_mse_full=0.14253
   epoch 4: train_mse_on=0.14313 bce=13.03762 val_mse_on=0.00507 val_mse_full=0.15170
   epoch 5: train_mse_on=0.12928 bce=12.13725 val_mse_on=0.00547 val_mse_full=0.17317
   epoch 6: train_mse_on=0.12375 bce=11.50410 val_mse_on=0.00544 val_mse_full=0.14157
   epoch 7: train_mse_on=0.11208 bce=10.43708 val_mse_on=0.00440 val_mse_full=0.15426
   epoch 8: train_mse_on=0.11234 bce=10.13696 val_mse_on=0.00498 val_mse_full=0.14504
   epoch 9: train_mse_on=0.10983 bce=9.45356 val_mse_on=0.00407 val_mse_full=0.17320
   epoch 10: train_mse_on=0.10311 bce=8.79661 val_mse_on=0.00447 val_mse_full=0.15588
   epoch 11: train_mse_on=0.10103 bce=8.37671 val_mse_on=0.00459 val_mse_full=0.14412
   pre-FT source-val sig ON(p50,p95)/OFF(p50,p95): {'kettle': (1.0, 1.0, 0.0, 0.03), 'microwave': (0.0, 0.26, 0.0, 0.04), 'fridge': (0.49, 0.58, 0.49, 0.62), 'washing_machine': (0.25, 0.99, 0.02, 0.63), 'dishwasher': (0.99, 1.0, 0.28, 0.99)}
   calib kettle: 5 windows on-frac=0.16 observed-frac=0.90
   calib microwave: 5 windows on-frac=0.09 observed-frac=0.87
   calib fridge: 5 windows on-frac=0.76 observed-frac=0.82
   calib washing_machine: 5 windows on-frac=0.72 observed-frac=0.86
   calib dishwasher: 5 windows on-frac=0.84 observed-frac=0.88
   ft epoch 0: calib_bce=12.4737
   ft epoch 15: calib_bce=2.6751
   ft epoch 30: calib_bce=0.8676
   ft epoch 45: calib_bce=0.6458
   ft epoch 59: calib_bce=0.5532
   post-FT source-val sig ON(p50,p95)/OFF(p50,p95): {'kettle': (0.94, 1.0, 0.0, 0.03), 'microwave': (0.92, 1.0, 0.88, 1.0), 'fridge': (1.0, 1.0, 1.0, 1.0), 'washing_machine': (1.0, 1.0, 1.0, 1.0), 'dishwasher': (1.0, 1.0, 1.0, 1.0)}
   post-FT calib sig ON(p50,p95)/OFF(p50,p95): {'kettle': (1.0, 1.0, 0.01, 0.84), 'microwave': (0.93, 0.99, 0.35, 0.97), 'fridge': (0.99, 1.0, 0.76, 0.95), 'washing_machine': (1.0, 1.0, 0.95, 1.0), 'dishwasher': (0.99, 1.0, 0.73, 0.97)}
   calib-gate kettle: sigON p05/p50/p95=0.91/1.00/1.00 sigOFF p50/p95=0.01/0.84 gate=0.88 | amp med_pred=2608W med_true=2331W r=0.89 (x3996)
   calib-gate microwave: sigON p05/p50/p95=0.75/0.93/0.99 sigOFF p50/p95=0.35/0.97 gate=0.86 | amp med_pred=1467W med_true=1588W r=1.08 (x2668)
   calib-gate fridge: sigON p05/p50/p95=0.76/0.99/1.00 sigOFF p50/p95=0.76/0.95 gate=0.85 | amp med_pred=123W med_true=90W r=0.73 (x2048)
   calib-gate washing_machine: sigON p05/p50/p95=0.99/1.00/1.00 sigOFF p50/p95=0.95/1.00 gate=0.95 | amp med_pred=1126W med_true=1778W r=1.58 (x2974)
   calib-gate dishwasher: sigON p05/p50/p95=0.73/0.99/1.00 sigOFF p50/p95=0.73/0.97 gate=0.85 | amp med_pred=228W med_true=122W r=0.53 (x3964)
   gate_thr: {'kettle': 0.88, 'microwave': 0.86, 'fridge': 0.85, 'washing_machine': 0.95, 'dishwasher': 0.85}
predicting eval span ...
   prediction done in 1.0s

device            n_gt   n_pred  match     P      R      F1     MAE_W   nMAE
kettle              299     486     59   0.121  0.197  0.150      30.4  0.0886
microwave           262    1032     62   0.060  0.237  0.096      60.3  0.1758
fridge            28034    2488    278   0.112  0.010  0.018      58.7  0.1712
washing_machine    2966     506     14   0.028  0.005  0.008     105.0  0.3063
dishwasher         1353   12404    105   0.008  0.078  0.015     120.9  0.3525
pooled: n_gt=32914 n_pred=16916 n_matched=518 F1=0.021
coverage: pred=1.203 true=0.258 of aggregate

METRIC min_device_f1=0.008065
METRIC mean_device_f1=0.057538
METRIC pooled_episode_f1=0.020791
METRIC mean_mae_w=75.0692
METRIC worst_mae_w=120.8998
METRIC mean_nmae=0.218883
METRIC coverage_pred_share=1.202627
METRIC coverage_true_share=0.258188
METRIC min_device_f1=0.008065
elapsed 63s -> /root/longvdh/agent_space/projects/watt-wiser/.auto/last_bench.json
