loading data (cached under .auto/cache) ...
   calib kettle: 5 sessions of 2656 available
   calib microwave: 5 sessions of 2055 available
   calib fridge: 5 sessions of 191926 available
   calib washing_machine: 5 sessions of 20322 available
   calib dishwasher: 5 sessions of 9334 available
building + training model (src/experiments/04_autoresearch/model.py) ...
   per-device pos_weight: {'kettle': 34.1, 'microwave': 50.0, 'fridge': 1.3, 'washing_machine': 50.0, 'dishwasher': 1.0}
   epoch 0: train_mse_on=2.04050 bce=27.67087 val_mse_on=0.01110 val_mse_full=0.17358
   epoch 1: train_mse_on=0.28853 bce=21.33250 val_mse_on=0.00729 val_mse_full=0.17978
   epoch 2: train_mse_on=0.18736 bce=17.22293 val_mse_on=0.00714 val_mse_full=0.15585
   epoch 3: train_mse_on=0.15815 bce=14.07574 val_mse_on=0.00641 val_mse_full=0.14253
   epoch 4: train_mse_on=0.14313 bce=13.03762 val_mse_on=0.00507 val_mse_full=0.15170
   epoch 5: train_mse_on=0.12928 bce=12.13725 val_mse_on=0.00547 val_mse_full=0.17317
   epoch 6: train_mse_on=0.12375 bce=11.50410 val_mse_on=0.00544 val_mse_full=0.14157
   epoch 7: train_mse_on=0.11208 bce=10.43708 val_mse_on=0.00440 val_mse_full=0.15426
   epoch 8: train_mse_on=0.11234 bce=10.13696 val_mse_on=0.00498 val_mse_full=0.14504
   epoch 9: train_mse_on=0.10983 bce=9.45356 val_mse_on=0.00407 val_mse_full=0.17320
   epoch 10: train_mse_on=0.10311 bce=8.79661 val_mse_on=0.00447 val_mse_full=0.15588
   epoch 11: train_mse_on=0.10103 bce=8.37671 val_mse_on=0.00459 val_mse_full=0.14412
   pre-FT source-val sig ON(p50,p95)/OFF(p50,p95): {'kettle': (1.0, 1.0, 0.0, 0.03), 'microwave': (0.0, 0.26, 0.0, 0.04), 'fridge': (0.49, 0.58, 0.49, 0.62), 'washing_machine': (0.25, 0.99, 0.02, 0.63), 'dishwasher': (0.99, 1.0, 0.28, 0.99)}
   calib kettle: 5 windows on-frac=0.16 observed-frac=0.90
   calib microwave: 5 windows on-frac=0.09 observed-frac=0.87
   calib fridge: 5 windows on-frac=0.76 observed-frac=0.82
   calib washing_machine: 5 windows on-frac=0.72 observed-frac=0.86
   calib dishwasher: 5 windows on-frac=0.84 observed-frac=0.88
   calib pos_weight: {'kettle': 4.7, 'microwave': 8.8, 'fridge': 1.0, 'washing_machine': 1.0, 'dishwasher': 1.0}
   FT guard: init head norm=1.72 calib OFF p50 base=[0.0, 0.0, 0.27, 0.88, 0.0]
   ft epoch 0: calib_bce=3.1847 norm=1.72/4.30 off_p50=[0.0, 0.0, 0.29, 0.87, 0.0]
   ft epoch 7: TRIP on off-p50 - norm=1.71/4.30 off_p50=[0.0, 0.0, 0.42, 0.75, 0.01] cap=[0.15, 0.15, 0.42, 1.03, 0.15]
   FT done: last-passing head snapshot restored (norm=1.71, init=1.72)
   post-FT source-val sig ON(p50,p95)/OFF(p50,p95): {'kettle': (1.0, 1.0, 0.0, 0.05), 'microwave': (0.01, 0.66, 0.01, 0.16), 'fridge': (0.75, 0.82, 0.75, 0.88), 'washing_machine': (0.23, 0.99, 0.01, 0.57), 'dishwasher': (1.0, 1.0, 0.51, 1.0)}
   post-FT calib sig ON(p50,p95)/OFF(p50,p95): {'kettle': (0.98, 1.0, 0.0, 0.91), 'microwave': (0.0, 0.0, 0.0, 0.0), 'fridge': (0.35, 0.43, 0.4, 0.42), 'washing_machine': (0.94, 1.0, 0.77, 0.99), 'dishwasher': (0.0, 1.0, 0.01, 0.01)}
   calib-gate kettle: sigON p05/p50/p95=0.04/0.98/1.00 sigOFF p50/p95=0.00/0.91 gate=0.47 | amp med_pred=2608W med_true=2331W r=0.89 (x3996)
   calib-gate microwave: sigON p05/p50/p95=0.00/0.00/0.00 sigOFF p50/p95=0.00/0.00 gate=0.05 | amp med_pred=1467W med_true=1588W r=1.08 (x2668)
   calib-gate fridge: sigON p05/p50/p95=0.31/0.35/0.43 sigOFF p50/p95=0.40/0.42 gate=0.36 | amp med_pred=123W med_true=90W r=0.73 (x2048)
   calib-gate washing_machine: sigON p05/p50/p95=0.53/0.94/1.00 sigOFF p50/p95=0.77/0.99 gate=0.76 | amp med_pred=1126W med_true=1778W r=1.58 (x2974)
   calib-gate dishwasher: sigON p05/p50/p95=0.00/0.00/1.00 sigOFF p50/p95=0.01/0.01 gate=0.05 | amp med_pred=228W med_true=122W r=0.53 (x3964)
   gate_thr: {'kettle': 0.47, 'microwave': 0.05, 'fridge': 0.36, 'washing_machine': 0.76, 'dishwasher': 0.05}
predicting eval span ...
   prediction done in 0.9s

device            n_gt   n_pred  match     P      R      F1     MAE_W   nMAE
kettle              299     500     73   0.146  0.244  0.183      29.3  0.0853
microwave           262     298     15   0.050  0.057  0.054      20.3  0.0591
fridge            28034   13257   1680   0.127  0.060  0.081      44.0  0.1284
washing_machine    2966     609     11   0.018  0.004  0.006      94.8  0.2764
dishwasher         1353    3063     51   0.017  0.038  0.023      36.4  0.1060
pooled: n_gt=32914 n_pred=17727 n_matched=1830 F1=0.072
coverage: pred=0.702 true=0.258 of aggregate

METRIC min_device_f1=0.006154
METRIC mean_device_f1=0.069385
METRIC pooled_episode_f1=0.072273
METRIC mean_mae_w=44.9415
METRIC worst_mae_w=94.7869
METRIC mean_nmae=0.131038
METRIC coverage_pred_share=0.701845
METRIC coverage_true_share=0.258188
METRIC min_device_f1=0.006154
elapsed 58s -> /root/longvdh/agent_space/projects/watt-wiser/.auto/last_bench.json
