loading house_1 (cached) ...
building model module ...
   mark profiles: kettle amp=2477W dur=2.2min mean=2478W; microwave amp=1583W dur=0.8min mean=714W; fridge amp=50W dur=12.5min mean=292W; washing_machine amp=2240W dur=101.0min mean=936W dens=0.30-0.56/min; dishwasher amp=2164W dur=97.2min mean=497W dens=0.02-0.06/min
   mined 17906 level-excursion events from 325 pre-span days
   dw sustained profile: span=46-102min amp>=1685W mean=495-943W hs=0.20-0.61 idle<=144W dens<=0.184/min heater_gap_merge=70min ext_back=18.5min ext_fwd=0.5min pre_offs=['18.0', '19.0', '18.0', '18.5', '19.0']
   dw synth onset check: emitted-vs-pasted onset deltas ['-30', '-30', 'none'] (median -30s)
   dw sustained runs: 56 pass run-basis gates (0.172/day)
   mined kettle cluster: n=1023 dur_p50=1.9min (mark 2.2min)
   mined microwave cluster: n=1672 dur_p50=2.4min (mark 0.8min)
   mined program chains: 330 pass structure, named wm=139 dw=0
   wm sustained profile: span=16-84min amp>=1914W mean=936-2568W hs=0.27-1.39 idle<=1936W dens=0.202-0.955/min heater_gap_merge=17min ext_back=3.0min ext_fwd=53.2min
   wm sustained runs: 82 net-new candidates (0.252/day)
   kettle sustained marks: 4/5 windows hold an isolated in-band run
   kettle sustained runs: 198 net-new candidates (0.61/day)
   fridge fallback: population band amp=54-103W dur=10-36min n=3763
   fridge run-basis: 2451 net-new candidates (7.54/day)
--- seed 2026: trained in 3.0s
   mark profiles: kettle amp=2261W dur=2.3min mean=1947W; microwave amp=1486W dur=1.9min mean=450W; fridge amp=49W dur=23.5min mean=268W; washing_machine amp=2085W dur=93.6min mean=613W dens=0.26-0.46/min; dishwasher amp=2332W dur=98.3min mean=664W dens=0.04-0.51/min
   microwave mark draw fragments in the extractor (event p50 1420W/36s vs core 1486W/114s) - event-based gate bands
   mined 17906 level-excursion events from 325 pre-span days
   dw sustained profile: span=46-116min amp>=1816W mean=511-1772W hs=0.20-0.76 idle<=571W dens<=1.054/min heater_gap_merge=69min ext_back=18.5min ext_fwd=0.5min pre_offs=['19.0', '18.0', '5.0', '18.5', '18.5']
   dw synth onset check: emitted-vs-pasted onset deltas ['-30', '-30', '-60'] (median -30s)
   dw sustained runs: 112 pass run-basis gates (0.345/day)
   mined kettle cluster: n=1118 dur_p50=1.9min (mark 2.3min)
   mined microwave cluster: n=1722 dur_p50=2.4min (mark 1.9min)
   mined program chains: 330 pass structure, named wm=126 dw=0
   wm sustained profile: span=11-115min amp>=1734W mean=775-1786W hs=0.18-0.98 idle<=2051W dens=0.204-1.000/min heater_gap_merge=49min ext_back=2.6min ext_fwd=26.5min
   wm sustained runs: 68 net-new candidates (0.209/day)
   kettle sustained marks: 2/5 windows hold an isolated in-band run
   fridge fallback: population band amp=54-103W dur=10-36min n=3763
   fridge run-basis: 1989 net-new candidates (6.12/day)
--- seed 1: trained in 3.3s
   mark profiles: kettle amp=2376W dur=2.4min mean=1018W; microwave amp=1592W dur=1.8min mean=1291W; fridge amp=30W dur=20.0min mean=30W; washing_machine amp=1813W dur=85.9min mean=668W dens=0.31-0.39/min; dishwasher amp=2164W dur=100.3min mean=604W dens=0.04-0.19/min
   kettle mark draw fragments in the extractor (event p50 2356W/60s vs core 2376W/144s) - event-based gate bands
   microwave mark draw fragments in the extractor (event p50 1502W/54s vs core 1592W/108s) - event-based gate bands
   mined 17906 level-excursion events from 325 pre-span days
   dw sustained profile: span=46-105min amp>=1733W mean=554-2014W hs=0.22-1.08 idle<=489W dens<=0.500/min heater_gap_merge=68min ext_back=18.0min ext_fwd=0.5min pre_offs=['19.0', '18.0', '18.5', '17.5', '18.0']
   dw synth onset check: emitted-vs-pasted onset deltas ['+0', '+0', '-30'] (median +0s)
   dw sustained runs: 91 pass run-basis gates (0.280/day)
   mined kettle cluster: n=1070 dur_p50=1.9min (mark 2.4min)
   mined microwave cluster: n=1669 dur_p50=2.5min (mark 1.8min)
   mined program chains: 338 pass structure, named wm=86 dw=0
   wm sustained profile: span=14-120min amp>=1764W mean=846-1750W hs=0.20-0.77 idle<=1548W dens=0.210-0.748/min heater_gap_merge=54min ext_back=3.0min ext_fwd=39.2min
   wm sustained runs: 55 net-new candidates (0.169/day)
   kettle sustained marks: 2/5 windows hold an isolated in-band run
   fridge fallback: population band amp=54-103W dur=10-36min n=3763
   fridge run-basis: 1818 net-new candidates (5.59/day)
--- seed 2: trained in 3.0s
   mark profiles: kettle amp=2386W dur=1.7min mean=2043W; microwave amp=1588W dur=0.8min mean=954W; fridge amp=30W dur=20.0min mean=30W; washing_machine amp=1933W dur=87.8min mean=606W dens=0.25-0.38/min; dishwasher amp=2125W dur=99.6min mean=537W dens=0.02-0.07/min
   mined 17906 level-excursion events from 325 pre-span days
   dw sustained profile: span=10-125min amp>=1825W mean=542-3123W hs=0.22-1.70 idle<=1038W dens<=0.120/min heater_gap_merge=68min ext_back=18.2min ext_fwd=0.0min pre_offs=['18.5', '84.0', '1.5', '18.0']
   dw synth onset check: emitted-vs-pasted onset deltas ['+18', '-42', '-1002'] (median -42s)
   dw sustained runs: 97 pass run-basis gates (0.298/day)
   mined kettle cluster: n=1063 dur_p50=1.9min (mark 1.7min)
   mined microwave cluster: n=1675 dur_p50=2.4min (mark 0.8min)
   mined program chains: 335 pass structure, named wm=101 dw=0
   wm sustained profile: span=18-97min amp>=1456W mean=510-2022W hs=0.09-1.09 idle<=1382W dens=0.142-0.853/min heater_gap_merge=52min ext_back=2.5min ext_fwd=30.5min
   wm sustained runs: 107 net-new candidates (0.329/day)
   kettle sustained marks: 3/5 windows hold an isolated in-band run
   kettle sustained runs: 200 net-new candidates (0.62/day)
   fridge fallback: population band amp=54-103W dur=10-36min n=3763
   fridge run-basis: 1818 net-new candidates (5.59/day)
--- seed 3: trained in 3.2s
   mark profiles: kettle amp=2238W dur=1.6min mean=2033W; microwave amp=1533W dur=1.4min mean=238W; fridge amp=52W dur=10.3min mean=55W; washing_machine amp=1939W dur=88.4min mean=680W dens=0.29-0.40/min; dishwasher amp=2306W dur=96.2min mean=666W dens=0.03-0.30/min
   microwave mark draw fragments in the extractor (event p50 729W/42s vs core 1533W/84s) - event-based gate bands
   mined 17906 level-excursion events from 325 pre-span days
   dw sustained profile: span=46-106min amp>=1712W mean=600-2299W hs=0.22-1.25 idle<=1366W dens<=1.053/min heater_gap_merge=67min ext_back=18.5min ext_fwd=0.5min pre_offs=['18.5', '18.0', '18.5', '18.0', '18.5']
   dw synth onset check: emitted-vs-pasted onset deltas ['-30', '+0', '+0'] (median +0s)
   dw sustained runs: 107 pass run-basis gates (0.329/day)
   mined kettle cluster: n=1124 dur_p50=1.9min (mark 1.6min)
   mined microwave cluster: n=1698 dur_p50=2.4min (mark 1.4min)
   mined program chains: 335 pass structure, named wm=52 dw=0
   wm sustained profile: span=22-104min amp>=1704W mean=702-2022W hs=0.13-1.09 idle<=1382W dens=0.142-0.886/min heater_gap_merge=52min ext_back=2.3min ext_fwd=27.1min
   wm sustained runs: 83 net-new candidates (0.255/day)
   kettle sustained marks: 1/4 windows hold an isolated in-band run
   fridge fallback: population band amp=54-103W dur=10-36min n=3763
   fridge run-basis: 2672 net-new candidates (8.22/day)
--- seed 4: trained in 3.0s
   mark profiles: kettle amp=2220W dur=2.1min mean=2063W; microwave amp=1564W dur=2.0min mean=791W; fridge amp=324W dur=98.8min mean=379W; washing_machine amp=2221W dur=92.8min mean=677W dens=0.27-0.54/min; dishwasher amp=2220W dur=99.6min mean=563W dens=0.02-0.05/min
   microwave mark draw fragments in the extractor (event p50 767W/60s vs core 1564W/120s) - event-based gate bands
   mined 17906 level-excursion events from 325 pre-span days
   dw sustained profile: span=46-105min amp>=1800W mean=543-1026W hs=0.21-0.65 idle<=92W dens<=0.104/min heater_gap_merge=69min ext_back=18.5min ext_fwd=0.5min pre_offs=['18.5', '18.5', '18.5', '18.0', '17.5']
   dw synth onset check: 0/3 pastes recovered by gates (deltas ['none', 'none', 'none']) - no correction
   dw sustained runs: 47 pass run-basis gates (0.145/day)
   mined kettle cluster: n=1136 dur_p50=1.9min (mark 2.1min)
   mined microwave cluster: n=1692 dur_p50=2.4min (mark 2.0min)
   mined program chains: 330 pass structure, named wm=140 dw=0
   wm sustained profile: span=16-120min amp>=1657W mean=892-2152W hs=0.27-1.03 idle<=2316W dens=0.205-1.075/min heater_gap_merge=60min ext_back=2.8min ext_fwd=45.3min
   wm sustained runs: 49 net-new candidates (0.151/day)
   kettle sustained marks: 2/5 windows hold an isolated in-band run
   fridge fallback: population band amp=54-103W dur=10-36min n=3763
   fridge run-basis: 0 net-new candidates (0.00/day)
--- seed 5: trained in 2.8s
   mark profiles: kettle amp=2344W dur=2.3min mean=2143W; microwave amp=1658W dur=1.2min mean=1248W; fridge amp=30W dur=20.0min mean=30W; washing_machine amp=2248W dur=96.2min mean=830W dens=0.20-0.50/min; dishwasher amp=2238W dur=99.8min mean=566W dens=0.02-0.26/min
   mined 17906 level-excursion events from 325 pre-span days
   dw sustained profile: span=48-122min amp>=1733W mean=599-1826W hs=0.25-0.83 idle<=1167W dens<=0.595/min heater_gap_merge=67min ext_back=18.0min ext_fwd=0.0min pre_offs=['19.0', '3.0', '18.0', '19.0', '17.5']
   dw synth onset check: emitted-vs-pasted onset deltas ['-30', '-30', '+30'] (median -30s)
   dw sustained runs: 107 pass run-basis gates (0.329/day)
   mined kettle cluster: n=1082 dur_p50=1.9min (mark 2.3min)
   mined microwave cluster: n=1632 dur_p50=2.5min (mark 1.2min)
   mined program chains: 330 pass structure, named wm=90 dw=0
   wm sustained profile: span=17-183min amp>=1802W mean=687-2199W hs=0.19-0.91 idle<=1806W dens=0.188-1.119/min heater_gap_merge=81min ext_back=3.2min ext_fwd=36.4min
   wm sustained runs: 50 net-new candidates (0.154/day)
   kettle sustained marks: 1/5 windows hold an isolated in-band run
   fridge fallback: population band amp=54-103W dur=10-36min n=3763
   fridge run-basis: 1818 net-new candidates (5.59/day)
--- seed 6: trained in 2.9s
   mark profiles: kettle amp=2458W dur=1.5min mean=2161W; microwave amp=1569W dur=1.8min mean=560W; fridge amp=58W dur=17.5min mean=57W; washing_machine amp=2133W dur=103.6min mean=559W dens=0.28-0.56/min; dishwasher amp=2268W dur=96.5min mean=595W dens=0.03-0.23/min
   mined 17906 level-excursion events from 325 pre-span days
   dw sustained profile: span=46-106min amp>=1802W mean=554-2470W hs=0.22-1.08 idle<=1360W dens<=0.541/min heater_gap_merge=68min ext_back=18.0min ext_fwd=0.0min pre_offs=['18.0', '18.0', '-1.0', '17.5', '18.5']
   dw synth onset check: emitted-vs-pasted onset deltas ['+0', '+0', '-30'] (median +0s)
   dw sustained runs: 108 pass run-basis gates (0.332/day)
   mined kettle cluster: n=1040 dur_p50=1.9min (mark 1.5min)
   mined microwave cluster: n=1688 dur_p50=2.4min (mark 1.8min)
   mined program chains: 330 pass structure, named wm=136 dw=0
   wm sustained profile: span=15-183min amp>=1904W mean=687-2190W hs=0.20-1.18 idle<=1604W dens=0.147-1.119/min heater_gap_merge=81min ext_back=2.9min ext_fwd=50.1min
   wm sustained runs: 40 net-new candidates (0.123/day)
   kettle sustained marks: 3/5 windows hold an isolated in-band run
   kettle sustained runs: 246 net-new candidates (0.76/day)
   fridge fallback: population band amp=54-103W dur=10-36min n=3763
   fridge run-basis: 2301 net-new candidates (7.08/day)
--- seed 7: trained in 2.9s
   mark profiles: kettle amp=2375W dur=2.0min mean=2355W; microwave amp=1711W dur=1.1min mean=859W; fridge amp=30W dur=20.0min mean=30W; washing_machine amp=1818W dur=86.4min mean=553W dens=0.08-0.54/min; dishwasher amp=2086W dur=96.2min mean=504W dens=0.01-0.24/min
   mined 17906 level-excursion events from 325 pre-span days
   dw sustained profile: span=46-106min amp>=1733W mean=543-2470W hs=0.21-1.09 idle<=1357W dens<=0.541/min heater_gap_merge=69min ext_back=18.0min ext_fwd=0.5min pre_offs=['19.0', '-0.5', '18.0', '18.5', '18.0']
   dw synth onset check: emitted-vs-pasted onset deltas ['+0', '+0', '+30'] (median +0s)
   dw sustained runs: 108 pass run-basis gates (0.332/day)
   mined kettle cluster: n=1071 dur_p50=1.9min (mark 2.0min)
   mined microwave cluster: n=1605 dur_p50=2.6min (mark 1.1min)
   mined program chains: 338 pass structure, named wm=133 dw=0
   wm sustained profile: mark window 3 has no heater blocks; skipped
   wm sustained profile: span=17-224min amp>=1710W mean=622-1953W hs=0.13-1.19 idle<=1381W dens=0.188-1.159/min heater_gap_merge=52min ext_back=1.9min ext_fwd=26.0min
   wm sustained runs: 85 net-new candidates (0.261/day)
   kettle sustained marks: 4/5 windows hold an isolated in-band run
   kettle sustained runs: 193 net-new candidates (0.59/day)
   fridge fallback: population band amp=54-103W dur=10-36min n=3763
   fridge run-basis: 1818 net-new candidates (5.59/day)
--- seed 8: trained in 3.0s
   mark profiles: kettle amp=2512W dur=1.6min mean=1847W; microwave amp=1786W dur=1.2min mean=1356W; fridge amp=30W dur=20.0min mean=30W; washing_machine amp=1933W dur=91.1min mean=660W dens=0.20-0.59/min; dishwasher amp=2215W dur=99.4min mean=624W dens=0.02-0.21/min
   mined 17906 level-excursion events from 325 pre-span days
   dw sustained profile: span=46-117min amp>=1785W mean=534-1196W hs=0.22-0.63 idle<=540W dens<=0.308/min heater_gap_merge=68min ext_back=18.0min ext_fwd=0.5min pre_offs=['6.0', '18.5', '18.0', '18.0', '17.5']
   dw synth onset check: emitted-vs-pasted onset deltas ['-30', '+0', '+0'] (median +0s)
   dw sustained runs: 91 pass run-basis gates (0.280/day)
   mined kettle cluster: n=1010 dur_p50=1.9min (mark 1.6min)
   mined microwave cluster: n=1536 dur_p50=2.6min (mark 1.2min)
   mined program chains: 335 pass structure, named wm=119 dw=0
   wm sustained profile: span=11-118min amp>=1601W mean=659-1716W hs=0.15-0.89 idle<=1368W dens=0.150-0.955/min heater_gap_merge=31min ext_back=2.7min ext_fwd=37.0min
   wm sustained runs: 120 net-new candidates (0.369/day)
   kettle sustained marks: 2/5 windows hold an isolated in-band run
   fridge fallback: population band amp=54-103W dur=10-36min n=3763
   fridge run-basis: 1818 net-new candidates (5.59/day)
--- seed 9: trained in 2.9s
    seed 2026: mean_f1=0.6026 kettle=0.821 microwave=0.408 fridge=0.515 washing_machine=0.634 dishwasher=0.636
    seed 1: mean_f1=0.4867 kettle=0.753 microwave=0.415 fridge=0.525 washing_machine=0.240 dishwasher=0.500
    seed 2: mean_f1=0.4893 kettle=0.733 microwave=0.306 fridge=0.513 washing_machine=0.349 dishwasher=0.545
    seed 3: mean_f1=0.5389 kettle=0.798 microwave=0.405 fridge=0.513 washing_machine=0.423 dishwasher=0.556
    seed 4: mean_f1=0.4793 kettle=0.752 microwave=0.409 fridge=0.506 washing_machine=0.246 dishwasher=0.484
    seed 5: mean_f1=0.5301 kettle=0.752 microwave=0.405 fridge=0.420 washing_machine=0.473 dishwasher=0.600
    seed 6: mean_f1=0.4909 kettle=0.759 microwave=0.354 fridge=0.513 washing_machine=0.367 dishwasher=0.462
    seed 7: mean_f1=0.5094 kettle=0.804 microwave=0.341 fridge=0.499 washing_machine=0.412 dishwasher=0.492
    seed 8: mean_f1=0.5026 kettle=0.801 microwave=0.359 fridge=0.513 washing_machine=0.348 dishwasher=0.492
    seed 9: mean_f1=0.5508 kettle=0.774 microwave=0.355 fridge=0.513 washing_machine=0.446 dishwasher=0.667

house_1 v3 primary (median over 10 seeds): 0.505987
  seed means: [0.6026, 0.4867, 0.4893, 0.5389, 0.4793, 0.5301, 0.4909, 0.5094, 0.5026, 0.5508]
  p10=0.485922
  median kettle: 0.7665
  median microwave: 0.3820
  median fridge: 0.5129
  median washing_machine: 0.3892
  median dishwasher: 0.5227

METRIC mean_device_f1=0.505987
METRIC mean_device_f1_p10=0.485922
METRIC median_kettle_f1=0.766469
METRIC median_microwave_f1=0.381962
METRIC median_fridge_f1=0.512856
METRIC median_washing_machine_f1=0.389216
METRIC median_dishwasher_f1=0.522727
METRIC calib_seed2026_mean_device_f1=0.602637
METRIC calib_seed1_mean_device_f1=0.486657
METRIC calib_seed2_mean_device_f1=0.489298
METRIC calib_seed3_mean_device_f1=0.538947
METRIC calib_seed4_mean_device_f1=0.479305
METRIC calib_seed5_mean_device_f1=0.530140
METRIC calib_seed6_mean_device_f1=0.490861
METRIC calib_seed7_mean_device_f1=0.509402
METRIC calib_seed8_mean_device_f1=0.502573
METRIC calib_seed9_mean_device_f1=0.550755

=== transfer track ===
--- transfer ukdale/house_2: devices=['dishwasher', 'kettle', 'microwave']
   GATE ukdale/house_2/kettle: smoothed_perfect=0.998 floor=0.000 n_gt=237 -> ok
    kettle           transfer_f1(median seeds)=0.2085
   GATE ukdale/house_2/microwave: smoothed_perfect=1.000 floor=0.000 n_gt=113 -> ok
    microwave        transfer_f1(median seeds)=0.4664
   GATE ukdale/house_2/dishwasher: smoothed_perfect=1.000 floor=0.000 n_gt=40 -> ok
    dishwasher       transfer_f1(median seeds)=0.0360
--- transfer ukdale/house_5: devices=['dishwasher', 'fridge', 'washing_machine']
   GATE ukdale/house_5/fridge: smoothed_perfect=0.906 floor=0.001 n_gt=942 -> ok
    fridge           transfer_f1(median seeds)=0.1278
   GATE ukdale/house_5/washing_machine: smoothed_perfect=1.000 floor=0.000 n_gt=26 -> ok
    washing_machine  transfer_f1(median seeds)=0.1412
   GATE ukdale/house_5/dishwasher: smoothed_perfect=1.000 floor=0.000 n_gt=9 -> ok
    dishwasher       transfer_f1(median seeds)=0.0000
   refit/house_5 dishwasher: 107 eval cycles (dishwasher)
   refit/house_5 fridge: 4407 eval cycles (fridge)
   refit/house_5 kettle: 493 eval cycles (kettle)
   refit/house_5 microwave: 307 eval cycles (microwave)
   refit/house_5 washing_machine: 117 eval cycles (washing_machine)
--- transfer refit/house_5: devices=['dishwasher', 'fridge', 'kettle', 'microwave', 'washing_machine']
   GATE refit/house_5/dishwasher: smoothed_perfect=1.000 floor=0.000 n_gt=107 -> ok
    dishwasher       transfer_f1(median seeds)=0.0000
   GATE refit/house_5/fridge: smoothed_perfect=0.919 floor=0.000 n_gt=4407 -> ok
    fridge           transfer_f1(median seeds)=0.2201
   GATE refit/house_5/kettle: smoothed_perfect=0.987 floor=0.000 n_gt=493 -> ok
    kettle           transfer_f1(median seeds)=0.5993
   GATE refit/house_5/microwave: smoothed_perfect=0.944 floor=0.000 n_gt=307 -> ok
    microwave        transfer_f1(median seeds)=0.0411
   GATE refit/house_5/washing_machine: smoothed_perfect=0.945 floor=0.000 n_gt=117 -> ok
    washing_machine  transfer_f1(median seeds)=0.0976
   refit/house_3 dishwasher: 144 eval cycles (dishwasher)
   refit/house_3 fridge: 2189 eval cycles (fridge+fridge_2)
   refit/house_3 kettle: 588 eval cycles (kettle)
   refit/house_3 microwave: 148 eval cycles (microwave)
   refit/house_3 washing_machine: 102 eval cycles (washing_machine)
--- transfer refit/house_3: devices=['dishwasher', 'fridge', 'kettle', 'microwave', 'washing_machine']
   GATE refit/house_3/dishwasher: smoothed_perfect=1.000 floor=0.000 n_gt=144 -> ok
    dishwasher       transfer_f1(median seeds)=0.0000
   GATE refit/house_3/fridge: smoothed_perfect=0.998 floor=0.000 n_gt=2189 -> ok
    fridge           transfer_f1(median seeds)=0.0608
   GATE refit/house_3/kettle: smoothed_perfect=0.984 floor=0.000 n_gt=588 -> ok
    kettle           transfer_f1(median seeds)=0.3786
   GATE refit/house_3/microwave: smoothed_perfect=1.000 floor=0.000 n_gt=148 -> ok
    microwave        transfer_f1(median seeds)=0.0269
   GATE refit/house_3/washing_machine: smoothed_perfect=0.995 floor=0.000 n_gt=102 -> ok
    washing_machine  transfer_f1(median seeds)=0.0975
   refit/house_2 dishwasher: 97 eval cycles (dishwasher)
   refit/house_2 fridge: 1309 eval cycles (fridge)
   refit/house_2 kettle: 568 eval cycles (kettle)
   refit/house_2 microwave: 330 eval cycles (microwave)
   refit/house_2 washing_machine: 71 eval cycles (washing_machine)
--- transfer refit/house_2: devices=['dishwasher', 'fridge', 'kettle', 'microwave', 'washing_machine']
   GATE refit/house_2/dishwasher: smoothed_perfect=0.969 floor=0.000 n_gt=97 -> ok
    dishwasher       transfer_f1(median seeds)=0.1433
   GATE refit/house_2/fridge: smoothed_perfect=0.998 floor=0.000 n_gt=1309 -> ok
    fridge           transfer_f1(median seeds)=0.3819
   GATE refit/house_2/kettle: smoothed_perfect=0.996 floor=0.000 n_gt=568 -> ok
    kettle           transfer_f1(median seeds)=0.1484
   GATE refit/house_2/microwave: smoothed_perfect=0.991 floor=0.000 n_gt=330 -> ok
    microwave        transfer_f1(median seeds)=0.2994
   GATE refit/house_2/washing_machine: smoothed_perfect=0.979 floor=0.000 n_gt=71 -> ok
    washing_machine  transfer_f1(median seeds)=0.0534
   refit/house_9 dishwasher: 58 eval cycles (dishwasher)
   refit/house_9 fridge: 2501 eval cycles (fridge)
   refit/house_9 kettle: 446 eval cycles (kettle)
   refit/house_9 microwave: 34 eval cycles (microwave)
   refit/house_9 washing_machine: 58 eval cycles (washing_machine+washing_machine_2)
--- transfer refit/house_9: devices=['dishwasher', 'fridge', 'kettle', 'microwave', 'washing_machine']
   GATE refit/house_9/dishwasher: smoothed_perfect=1.000 floor=0.000 n_gt=58 -> ok
    dishwasher       transfer_f1(median seeds)=0.0000
   GATE refit/house_9/fridge: smoothed_perfect=0.991 floor=0.000 n_gt=2501 -> ok
    fridge           transfer_f1(median seeds)=0.1943
   GATE refit/house_9/kettle: smoothed_perfect=0.992 floor=0.000 n_gt=446 -> ok
    kettle           transfer_f1(median seeds)=0.2880
   GATE refit/house_9/microwave: smoothed_perfect=0.985 floor=0.000 n_gt=34 -> ok
    microwave        transfer_f1(median seeds)=0.0137
   GATE refit/house_9/washing_machine: smoothed_perfect=0.991 floor=0.000 n_gt=58 -> ok
    washing_machine  transfer_f1(median seeds)=0.0000
   refit/house_20 dishwasher: 19 eval cycles (dishwasher)
   refit/house_20 fridge: 1704 eval cycles (fridge+fridge_2)
   refit/house_20 kettle: 261 eval cycles (kettle)
   refit/house_20 microwave: 143 eval cycles (microwave)
   refit/house_20 washing_machine: 28 eval cycles (washing_machine)
--- transfer refit/house_20: devices=['dishwasher', 'fridge', 'kettle', 'microwave', 'washing_machine']
   GATE refit/house_20/dishwasher: smoothed_perfect=1.000 floor=0.000 n_gt=19 -> ok
    dishwasher       transfer_f1(median seeds)=0.0000
   GATE refit/house_20/fridge: smoothed_perfect=0.984 floor=0.001 n_gt=1704 -> ok
    fridge           transfer_f1(median seeds)=0.3063
   GATE refit/house_20/kettle: smoothed_perfect=0.998 floor=0.000 n_gt=261 -> ok
    kettle           transfer_f1(median seeds)=0.0308
   GATE refit/house_20/microwave: smoothed_perfect=0.993 floor=0.000 n_gt=143 -> ok
    microwave        transfer_f1(median seeds)=0.2860
   GATE refit/house_20/washing_machine: smoothed_perfect=0.982 floor=0.000 n_gt=28 -> ok
    washing_machine  transfer_f1(median seeds)=0.0620
transfer mean over 31 device-house pairs: 0.1519
METRIC transfer_mean_f1=0.151921
METRIC transfer_ukdale_house_2_kettle_f1=0.208479
METRIC transfer_ukdale_house_2_microwave_f1=0.466359
METRIC transfer_ukdale_house_2_dishwasher_f1=0.036039
METRIC transfer_ukdale_house_5_fridge_f1=0.127778
METRIC transfer_ukdale_house_5_washing_machine_f1=0.141196
METRIC transfer_ukdale_house_5_dishwasher_f1=0.000000
METRIC transfer_refit_house_5_dishwasher_f1=0.000000
METRIC transfer_refit_house_5_fridge_f1=0.220132
METRIC transfer_refit_house_5_kettle_f1=0.599302
METRIC transfer_refit_house_5_microwave_f1=0.041104
METRIC transfer_refit_house_5_washing_machine_f1=0.097631
METRIC transfer_refit_house_3_dishwasher_f1=0.000000
METRIC transfer_refit_house_3_fridge_f1=0.060831
METRIC transfer_refit_house_3_kettle_f1=0.378636
METRIC transfer_refit_house_3_microwave_f1=0.026850
METRIC transfer_refit_house_3_washing_machine_f1=0.097453
METRIC transfer_refit_house_2_dishwasher_f1=0.143346
METRIC transfer_refit_house_2_fridge_f1=0.381900
METRIC transfer_refit_house_2_kettle_f1=0.148437
METRIC transfer_refit_house_2_microwave_f1=0.299441
METRIC transfer_refit_house_2_washing_machine_f1=0.053439
METRIC transfer_refit_house_9_dishwasher_f1=0.000000
METRIC transfer_refit_house_9_fridge_f1=0.194319
METRIC transfer_refit_house_9_kettle_f1=0.287983
METRIC transfer_refit_house_9_microwave_f1=0.013729
METRIC transfer_refit_house_9_washing_machine_f1=0.000000
METRIC transfer_refit_house_20_dishwasher_f1=0.000000
METRIC transfer_refit_house_20_fridge_f1=0.306307
METRIC transfer_refit_house_20_kettle_f1=0.030840
METRIC transfer_refit_house_20_microwave_f1=0.286009
METRIC transfer_refit_house_20_washing_machine_f1=0.062019
elapsed 90s -> /root/longvdh/agent_space/projects/watt-wiser/.auto/last_bench_v3.json
