   mark profiles: kettle amp=115W dur=36.4min mean=109W; microwave amp=1046W dur=2.6min mean=918W; fridge amp=328W dur=1.6min mean=897W
   kettle mark draw fragments in the extractor (event p50 1110W/864s vs core 115W/2184s) - event-based gate bands
   mined 29659 level-excursion events from 180 pre-span days
   mined kettle cluster: n=1183 dur_p50=9.0min (mark 36.4min)
   mined microwave cluster: n=260 dur_p50=2.7min (mark 2.6min)
   mined program chains: 0 pass structure, named wm=0 dw=0
   dw sustained detector disabled (mark windows produced no heater runs)
   kettle sustained marks: 2/5 windows hold an isolated in-band run
   fridge fallback: population band amp=21-89W dur=10-37min n=5133
   fridge run-basis: 0 net-new candidates (0.00/day)
   mark profiles: kettle amp=2676W dur=1.0min mean=2643W; microwave amp=1006W dur=2.7min mean=795W; fridge amp=622W dur=0.3min mean=835W; washing_machine amp=456W dur=100.0min mean=206W dens=0.39-0.56/min
   mined 24535 level-excursion events from 180 pre-span days
   mined kettle cluster: n=812 dur_p50=1.2min (mark 1.0min)
   mined microwave cluster: n=292 dur_p50=1.3min (mark 2.7min)
   mined program chains: 448 pass structure, named wm=31 dw=0
   dw sustained detector disabled (mark windows produced no heater runs)
   wm sustained profile: span=53-125min amp>=405W mean=248-495W hs=0.35-1.08 idle<=300W dens=0.312-1.160/min heater_gap_merge=10min ext_back=0.8min ext_fwd=2.0min
   wm sustained runs: 74 net-new candidates (0.411/day)
   kettle sustained marks: 3/5 windows hold an isolated in-band run
   kettle sustained runs: 290 net-new candidates (1.61/day)
   fridge fallback: population band amp=21-108W dur=11-38min n=5342
   fridge run-basis: 0 net-new candidates (0.00/day)
   mark profiles: fridge amp=78W dur=36.2min mean=69W
   mined 22945 level-excursion events from 180 pre-span days
   mined program chains: 0 pass structure, named wm=0 dw=0
   dw sustained detector disabled (mark windows produced no heater runs)
   fridge fallback: population band amp=22-61W dur=12-38min n=5439
   fridge run-basis: 0 net-new candidates (0.00/day)
   mark profiles: kettle amp=3045W dur=2.4min mean=3061W; washing_machine amp=2258W dur=57.4min mean=238W dens=0.18-0.24/min; dishwasher amp=2126W dur=21.5min mean=1915W dens=0.07-0.34/min
   mined 20613 level-excursion events from 180 pre-span days
   dw sustained profile: span=8-32min amp>=1776W mean=1742-6588W hs=0.75-1.75 idle<=0W dens<=0.800/min heater_gap_merge=70min ext_back=0.0min ext_fwd=0.0min pre_offs=['1.0', '0.0', '0.0', '-0.5', '0.5']
   dw synth onset check: 0/3 pastes recovered by gates (deltas ['none', 'none', 'none']) - no correction
   dw sustained runs: 0 pass run-basis gates (0.000/day)
   mined kettle cluster: n=1270 dur_p50=1.8min (mark 2.4min)
   mined program chains: 262 pass structure, named wm=63 dw=0
   wm sustained profile: span=2-84min amp>=1879W mean=1563-3329W hs=0.49-1.75 idle<=2835W dens=0.000-0.507/min heater_gap_merge=9min ext_back=0.7min ext_fwd=21.8min
   wm sustained runs: 173 net-new candidates (0.961/day)
   kettle sustained marks: 2/5 windows hold an isolated in-band run
   fridge fallback: population band amp=22-111W dur=11-37min n=5610
   mark profiles: kettle amp=2901W dur=1.8min mean=2171W; microwave amp=1712W dur=6.7min mean=1336W; fridge amp=30W dur=20.0min mean=30W; washing_machine amp=1990W dur=130.8min mean=593W dens=0.41-0.55/min; dishwasher amp=2408W dur=97.2min mean=1018W dens=0.13-0.31/min
   mined 35198 level-excursion events from 180 pre-span days
   dw sustained profile: span=45-123min amp>=1828W mean=885-1907W hs=0.30-0.92 idle<=493W dens<=0.690/min heater_gap_merge=37min ext_back=7.0min ext_fwd=0.0min pre_offs=['18.0', '1.0', '0.0', '7.0', '20.5']
   dw synth onset check: emitted-vs-pasted onset deltas ['-30', '-360', '-450'] (median -360s)
   dw synth onset check: ext_back 7.0 -> 1.0 min; deltas after ['+330', '+0', '-90']
   dw sustained runs: 41 pass run-basis gates (0.228/day)
   mined kettle cluster: n=1118 dur_p50=1.4min (mark 1.8min)
   mined microwave cluster: n=310 dur_p50=1.0min (mark 6.7min)
   mined program chains: 111 pass structure, named wm=17 dw=0
   wm sustained profile: span=2-120min amp>=1792W mean=729-2951W hs=0.16-1.75 idle<=2167W dens=0.000-1.375/min heater_gap_merge=73min ext_back=6.9min ext_fwd=56.0min
   wm sustained runs: 21 net-new candidates (0.117/day)
   kettle sustained marks: 4/5 windows hold an isolated in-band run
   kettle sustained runs: 299 net-new candidates (1.66/day)
   fridge fallback: population band amp=22-89W dur=11-37min n=10496
   fridge run-basis: 288 net-new candidates (1.60/day)
   mark profiles: kettle amp=1970W dur=2.4min mean=1175W; microwave amp=977W dur=2.1min mean=867W; fridge amp=111W dur=1.0min mean=409W; washing_machine amp=2119W dur=103.9min mean=741W dens=0.00-0.46/min; dishwasher amp=1958W dur=94.4min mean=702W dens=0.06-0.29/min
   microwave mark draw fragments in the extractor (event p50 528W/84s vs core 977W/126s) - event-based gate bands
   mined 14141 level-excursion events from 180 pre-span days
   dw sustained profile: span=1-122min amp>=1568W mean=655-4008W hs=0.29-1.75 idle<=621W dens<=0.571/min heater_gap_merge=35min ext_back=3.0min ext_fwd=9.5min pre_offs=['-1.0', '28.5', '-0.5', '3.0', '44.5']
   dw synth onset check: emitted-vs-pasted onset deltas ['-30', '-210', '-240'] (median -210s)
   dw synth onset check: ext_back 3.0 -> 0.0 min; deltas after ['+150', '-30', '-60']
   dw sustained runs: 42 pass run-basis gates (0.233/day)
   mined kettle cluster: n=1248 dur_p50=1.7min (mark 2.4min)
   mined microwave cluster: n=413 dur_p50=2.0min (mark 2.1min)
   mined program chains: 170 pass structure, named wm=61 dw=0
   wm sustained profile: mark window 1 has no heater blocks; skipped
   wm sustained profile: span=2-63min amp>=1328W mean=442-2987W hs=0.19-1.75 idle<=904W dens=0.000-1.267/min heater_gap_merge=19min ext_back=5.9min ext_fwd=50.4min
   wm sustained runs: 43 net-new candidates (0.239/day)
   kettle sustained marks: 2/5 windows hold an isolated in-band run
   fridge fallback: population band amp=21-113W dur=11-37min n=2853
   fridge run-basis: 1775 net-new candidates (9.86/day)
   mark profiles: kettle amp=1353W dur=1.8min mean=1268W; fridge amp=1097W dur=5.4min mean=1081W; washing_machine amp=2235W dur=86.6min mean=620W dens=0.25-0.60/min; dishwasher amp=2166W dur=80.7min mean=789W dens=0.15-0.27/min
   mined 23734 level-excursion events from 180 pre-span days
   dw sustained profile: span=12-83min amp>=1327W mean=628-2384W hs=0.15-0.99 idle<=1964W dens<=0.632/min heater_gap_merge=24min ext_back=17.5min ext_fwd=0.5min pre_offs=['18.5', '17.0', '17.5', '17.0', '18.0']
   dw synth onset check: emitted-vs-pasted onset deltas ['-30', '-30', '-30'] (median -30s)
   dw sustained runs: 249 pass run-basis gates (1.383/day)
   mined kettle cluster: n=701 dur_p50=2.2min (mark 1.8min)
   mined program chains: 347 pass structure, named wm=50 dw=0
   wm sustained profile: span=13-121min amp>=1870W mean=1350-2976W hs=0.38-1.67 idle<=3004W dens=0.071-1.680/min heater_gap_merge=19min ext_back=3.6min ext_fwd=34.2min
   wm sustained runs: 66 net-new candidates (0.367/day)
   kettle sustained marks: 2/5 windows hold an isolated in-band run
   fridge fallback: population band amp=21-105W dur=11-38min n=3541
   fridge run-basis: 0 net-new candidates (0.00/day)
   mark profiles: fridge amp=43W dur=4.0min mean=51W
   mined 15719 level-excursion events from 164 pre-span days
   mined program chains: 0 pass structure, named wm=0 dw=0
   dw sustained detector disabled (mark windows produced no heater runs)
   fridge fallback: population band amp=22-108W dur=10-36min n=1460
   fridge run-basis: 7555 net-new candidates (46.07/day)
   mark profiles: kettle amp=2923W dur=2.2min mean=2588W; microwave amp=2556W dur=1.4min mean=2101W; fridge amp=2780W dur=2.4min mean=3364W; washing_machine amp=632W dur=27.5min mean=283W dens=0.16-0.33/min
   microwave mark draw fragments in the extractor (event p50 1550W/72s vs core 2556W/84s) - event-based gate bands
   mined 19456 level-excursion events from 180 pre-span days
   mined kettle cluster: n=1457 dur_p50=1.4min (mark 2.2min)   mark profiles: fridge amp=30W dur=20.0min mean=30W
   mined 15719 level-excursion events from 164 pre-span days
   mined program chains: 0 pass structure, named wm=0 dw=0
   dw sustained detector disabled (mark windows produced no heater runs)
   fridge fallback: population band amp=22-108W dur=10-36min n=1460
   fridge run-basis: 104 net-new candidates (0.63/day)
   mark profiles: microwave amp=1199W dur=2.5min mean=1068W; fridge amp=30W dur=2.1min mean=30W; washing_machine amp=2288W dur=120.5min mean=768W dens=0.11-0.53/min
   mined 11407 level-excursion events from 180 pre-span days
   mined microwave cluster: n=154 dur_p50=1.4min (mark 2.5min)
   mined program chains: 69 pass structure, named wm=42 dw=0
   dw sustained detector disabled (mark windows produced no heater runs)
   wm sustained profile: mark window 3 has no heater blocks; skipped
   wm sustained profile: span=13-57min amp>=1842W mean=1356-3984W hs=0.42-1.75 idle<=1442W dens=0.307-1.318/min heater_gap_merge=23min ext_back=7.4min ext_fwd=64.2min
   wm sustained runs: 11 net-new candidates (0.061/day)
   fridge fallback: population band amp=22-85W dur=11-37min n=2182
   fridge run-basis: 1505 net-new candidates (8.36/day)
   mark profiles: kettle amp=2098W dur=2.2min mean=1877W; microwave amp=1229W dur=3.0min mean=1127W; washing_machine amp=2778W dur=44.9min mean=1108W dens=0.11-0.29/min
   mined 17092 level-excursion events from 180 pre-span days
   mined kettle cluster: n=495 dur_p50=2.1min (mark 2.2min)
   mined microwave cluster: n=427 dur_p50=2.5min (mark 3.0min)
   mined program chains: 104 pass structure, named wm=16 dw=0
   dw sustained detector disabled (mark windows produced no heater runs)
   wm sustained profile: span=8-72min amp>=2726W mean=1184-4497W hs=0.26-1.75 idle<=459W dens=0.111-0.764/min heater_gap_merge=45min ext_back=0.0min ext_fwd=19.5min
   wm sustained runs: 20 net-new candidates (0.111/day)
   kettle sustained marks: 3/5 windows hold an isolated in-band run
   kettle sustained runs: 174 net-new candidates (0.97/day)
   fridge fallback: population band amp=21-115W dur=11-38min n=1803
   mark profiles: fridge amp=83W dur=14.4min mean=155W
   mined 6034 level-excursion events from 142 pre-span days
   mined program chains: 0 pass structure, named wm=0 dw=0
   dw sustained detector disabled (mark windows produced no heater runs)
   fridge fallback: population band amp=22-87W dur=12-34min n=2371
   fridge run-basis: 181 net-new candidates (1.27/day)
   mark profiles: fridge amp=30W dur=20.0min mean=30W; washing_machine amp=2342W dur=35.2min mean=594W dens=0.00-0.27/min; dishwasher amp=2187W dur=28.1min mean=1591W dens=0.20-0.39/min
   mined 19714 level-excursion events from 180 pre-span days
   dw sustained profile: span=16-38min amp>=1846W mean=1397-2340W hs=0.57-1.41 idle<=86W dens<=0.889/min heater_gap_merge=5min ext_back=0.5min ext_fwd=0.0min pre_offs=['-0.5', '1.0', '1.0', '0.0', '0.5']
   dw synth onset check: 1/3 pastes recovered by gates (deltas ['+0', 'none', 'none']) - no correction
   dw sustained runs: 23 pass run-basis gates (0.128/day)
   mined program chains: 303 pass structure, named wm=32 dw=0
   wm sustained profile: mark window 2 has no heater blocks; skipped
   wm sustained profile: span=3-31min amp>=1954W mean=1131-3005W hs=0.33-1.75 idle<=1378W dens=0.000-0.640/min heater_gap_merge=12min ext_back=4.4min ext_fwd=23.0min
   wm sustained runs: 42 net-new candidates (0.233/day)
   fridge fallback: population band amp=22-95W dur=12-37min n=4245
   fridge run-basis: 439 net-new candidates (2.44/day)
   mark profiles: kettle amp=2632W dur=1.3min mean=1871W; microwave amp=1216W dur=1.8min mean=315W; fridge amp=74W dur=0.3min mean=141W; washing_machine amp=459W dur=100.4min mean=219W dens=0.39-0.74/min
   mined 24535 level-excursion events from 180 pre-span days
   mined kettle cluster: n=894 dur_p50=1.3min (mark 1.3min)
   mined microwave cluster: n=295 dur_p50=1.2min (mark 1.8min)
   mined program chains: 447 pass structure, named wm=41 dw=0
   dw sustained detector disabled (mark windows produced no heater runs)
   wm sustained profile: span=53-112min amp>=405W mean=248-650W hs=0.35-1.17 idle<=288W dens=0.329-1.644/min heater_gap_merge=10min ext_back=0.9min ext_fwd=10.7min
   wm sustained runs: 79 net-new candidates (0.439/day)
   kettle sustained marks: 4/5 windows hold an isolated in-band run
   kettle sustained runs: 290 net-new candidates (1.61/day)
   fridge fallback: population band amp=21-108W dur=11-38min n=5342
   fridge run-basis: 2689 net-new candidates (14.94/day)
   mark profiles: fridge amp=30W dur=20.0min mean=30W
   mined 6034 level-excursion events from 142 pre-span days
   mined program chains: 0 pass structure, named wm=0 dw=0
   dw sustained detector disabled (mark windows produced no heater runs)
   fridge fallback: population band amp=22-87W dur=12-34min n=2371
   fridge run-basis: 173 net-new candidates (1.22/day)
   mark profiles: microwave amp=844W dur=1.9min mean=116W; fridge amp=163W dur=1.1min mean=442W; washing_machine amp=2197W dur=116.3min mean=353W dens=0.05-0.38/min; dishwasher amp=938W dur=12.7min mean=695W dens=0.00-0.49/min
   mined 26229 level-excursion events from 180 pre-span days
   dw sustained profile: span=8-19min amp>=1396W mean=1358-4610W hs=0.72-1.75 idle<=1070W dens<=1.200/min heater_gap_merge=0min ext_back=0.0min ext_fwd=0.0min pre_offs=['0.0', '-1.0', '-1.0', '-1.0', '0.0']
   dw synth onset check: 0/3 pastes recovered by gates (deltas ['none', 'none', 'none']) - no correction
   dw sustained runs: 0 pass run-basis gates (0.000/day)
   mined microwave cluster: n=321 dur_p50=3.9min (mark 1.9min)
   mined program chains: 488 pass structure, named wm=136 dw=0
   wm sustained profile: span=11-146min amp>=1950W mean=1181-2673W hs=0.41-1.56 idle<=1137W dens=0.041-0.855/min heater_gap_merge=39min ext_back=1.0min ext_fwd=31.9min
   wm sustained runs: 150 net-new candidates (0.833/day)
   fridge fallback: population band amp=22-104W dur=11-37min n=3722
   fridge run-basis: 0 net-new candidates (0.00/day)
   mark profiles: kettle amp=2970W dur=2.3min mean=2924W; microwave amp=1771W dur=2.0min mean=961W; fridge amp=33W dur=1.5min mean=95W; washing_machine amp=2820W dur=57.4min mean=1335W dens=0.19-0.35/min
   mined 21601 level-excursion events from 180 pre-span days
   mined kettle cluster: n=2565 dur_p50=1.0min (mark 2.3min)
   mined microwave cluster: n=616 dur_p50=1.8min (mark 2.0min)
   mined program chains: 557 pass structure, named wm=233 dw=0
   dw sustained detector disabled (mark windows produced no heater runs)
   wm sustained profile: span=10-81min amp>=2147W mean=1393-4624W hs=0.38-1.60 idle<=1553W dens=0.086-0.821/min heater_gap_merge=26min ext_back=1.1min ext_fwd=9.3min
   wm sustained runs: 186 net-new candidates (1.033/day)
   kettle sustained marks: 3/5 windows hold an isolated in-band run
   kettle sustained runs: 151 net-new candidates (0.84/day)
   fridge fallback: population band amp=23-79W dur=11-36min n=3828
   fridge run-basis: 1466 net-new candidates (8.14/day)
   mark profiles: microwave amp=1307W dur=4.3min mean=817W; fridge amp=1872W dur=1.0min mean=2035W; washing_machine amp=2228W dur=118.7min mean=565W dens=0.20-0.47/min; dishwasher amp=3190W dur=12.8min mean=2502W dens=0.00-0.42/min
   mined 26229 level-excursion events from 180 pre-span days
   dw sustained profile: span=4-21min amp>=1442W mean=1348-6043W hs=0.46-1.75 idle<=3082W dens<=0.966/min heater_gap_merge=3min ext_back=1.0min ext_fwd=0.0min pre_offs=['1.0', '-1.0', '-1.0', '4.5', '3.0']
   dw synth onset check: 0/3 pastes recovered by gates (deltas ['none', 'none', 'none']) - no correction
   dw sustained runs: 3 pass run-basis gates (0.017/day)
   mined microwave cluster: n=340 dur_p50=4.2min (mark 4.3min)
   mined program chains: 419 pass structure, named wm=125 dw=0
   wm sustained profile: span=10-128min amp>=1593W mean=712-2871W hs=0.21-1.75 idle<=686W dens=0.133-1.053/min heater_gap_merge=46min ext_back=11.5min ext_fwd=40.9min
   wm sustained runs: 124 net-new candidates (0.689/day)
   fridge fallback: population band amp=22-104W dur=11-37min n=3722
   fridge run-basis: 0 net-new candidates (0.00/day)   mark profiles: fridge amp=30W dur=20.0min mean=30W
   mined 6034 level-excursion events from 142 pre-span days
   mined program chains: 0 pass structure, named wm=0 dw=0
   dw sustained detector disabled (mark windows produced no heater runs)
   fridge fallback: population band amp=22-87W dur=12-34min n=2371
   fridge run-basis: 173 net-new candidates (1.22/day)
   mark profiles: kettle amp=3298W dur=2.5min mean=2594W; washing_machine amp=1059W dur=66.5min mean=311W dens=0.09-0.33/min; dishwasher amp=2253W dur=23.3min mean=2073W dens=0.08-0.26/min
   mined 20613 level-excursion events from 180 pre-span days
   dw sustained profile: span=7-69min amp>=1728W mean=1678-5190W hs=0.72-1.75 idle<=1426W dens<=0.651/min heater_gap_merge=2min ext_back=0.5min ext_fwd=0.0min pre_offs=['0.5', '0.5', '1.0', '0.5', '-1.0']
   dw synth onset check: 0/3 pastes recovered by gates (deltas ['none', 'none', 'none']) - no correction
   dw sustained runs: 175 pass run-basis gates (0.972/day)
   mined kettle cluster: n=1216 dur_p50=1.8min (mark 2.5min)
   mined program chains: 308 pass structure, named wm=7 dw=0
   wm sustained profile: mark window 4 has no heater blocks; skipped
   wm sustained profile: span=2-72min amp>=1382W mean=765-3143W hs=0.22-1.75 idle<=1178W dens=0.000-0.661/min heater_gap_merge=19min ext_back=1.4min ext_fwd=17.6min
   wm sustained runs: 142 net-new candidates (0.789/day)
   kettle sustained marks: 0/5 windows hold an isolated in-band run
   fridge fallback: population band amp=22-111W dur=11-37min n=5610
   mark profiles: kettle amp=2374W dur=2.4min mean=2028W; fridge amp=92W dur=10.5min mean=93W; washing_machine amp=2298W dur=62.8min mean=834W dens=0.29-0.37/min; dishwasher amp=2236W dur=89.7min mean=690W dens=0.08-0.20/min
   mined 27697 level-excursion events from 180 pre-span days
   dw sustained profile: span=46-118min amp>=2090W mean=1043-2259W hs=0.28-0.86 idle<=1331W dens<=0.503/min heater_gap_merge=47min ext_back=10.0min ext_fwd=0.0min pre_offs=['0.0', '10.0', '10.0', '10.0', '-1.0']
   dw synth onset check: emitted-vs-pasted onset deltas ['+0', '+0', '-30'] (median +0s)
   dw sustained runs: 118 pass run-basis gates (0.656/day)
   mined kettle cluster: n=2327 dur_p50=2.0min (mark 2.4min)
   mined program chains: 530 pass structure, named wm=140 dw=0
   wm sustained profile: span=5-136min amp>=1890W mean=1038-3260W hs=0.31-1.75 idle<=1250W dens=0.000-1.176/min heater_gap_merge=47min ext_back=4.4min ext_fwd=25.1min
   wm sustained runs: 89 net-new candidates (0.494/day)
   kettle sustained marks: 0/5 windows hold an isolated in-band run
   fridge fallback: population band amp=25-113W dur=10-33min n=6316
   fridge run-basis: 825 net-new candidates (4.58/day)
   mark profiles: fridge amp=30W dur=20.0min mean=30W; washing_machine amp=1997W dur=55.6min mean=495W dens=0.09-0.42/min; dishwasher amp=2394W dur=31.3min mean=1689W dens=0.09-0.36/min
   mined 31167 level-excursion events from 180 pre-span days
   dw sustained profile: span=17-43min amp>=1853W mean=1381-4611W hs=0.56-1.67 idle<=990W dens<=0.903/min heater_gap_merge=9min ext_back=0.0min ext_fwd=0.0min pre_offs=['-1.0', '-1.0', '-0.5', '0.5', '0.5']
   dw synth onset check: emitted-vs-pasted onset deltas ['-30', '-30', '+30'] (median -30s)
   dw sustained runs: 217 pass run-basis gates (1.206/day)
   mined program chains: 394 pass structure, named wm=172 dw=0
   wm sustained profile: mark window 2 has no heater blocks; skipped
   wm sustained profile: span=5-145min amp>=1718W mean=1025-2653W hs=0.29-1.75 idle<=262W dens=0.170-0.897/min heater_gap_merge=56min ext_back=0.1min ext_fwd=31.4min
   wm sustained runs: 32 net-new candidates (0.178/day)
   fridge fallback: population band amp=21-88W dur=11-37min n=6658
   fridge run-basis: 177 net-new candidates (0.98/day)
   mark profiles: kettle amp=2416W dur=1.3min mean=2344W; microwave amp=1572W dur=1.8min mean=528W; fridge amp=625W dur=0.3min mean=1032W; washing_machine amp=1884W dur=90.6min mean=608W dens=0.36-0.60/min; dishwasher amp=2384W dur=97.2min mean=660W dens=0.10-0.31/min
   microwave mark draw fragments in the extractor (event p50 1614W/48s vs core 1572W/108s) - event-based gate bands
   mined 18664 level-excursion events from 180 pre-span days
   dw sustained profile: span=46-99min amp>=1846W mean=554-2358W hs=0.22-1.52 idle<=612W dens<=0.764/min heater_gap_merge=68min ext_back=18.0min ext_fwd=0.0min pre_offs=['18.0', '18.0', '18.5', '18.5', '18.0']
   dw synth onset check: emitted-vs-pasted onset deltas ['+0', '-30', '+0'] (median +0s)
   dw sustained runs: 59 pass run-basis gates (0.328/day)
   mined kettle cluster: n=601 dur_p50=1.8min (mark 1.3min)
   mined microwave cluster: n=872 dur_p50=2.5min (mark 1.8min)
   mined program chains: 220 pass structure, named wm=72 dw=0
   wm sustained profile: span=15-83min amp>=1423W mean=457-2210W hs=0.10-1.38 idle<=1374W dens=0.270-1.353/min heater_gap_merge=51min ext_back=2.4min ext_fwd=47.1min
   wm sustained runs: 48 net-new candidates (0.267/day)
   kettle sustained marks: 2/5 windows hold an isolated in-band run
   fridge fallback: population band amp=22-92W dur=10-36min n=4966
   fridge run-basis: 0 net-new candidates (0.00/day)
   mark profiles: kettle amp=2960W dur=2.5min mean=3000W; washing_machine amp=637W dur=70.2min mean=30W dens=0.19-0.30/min; dishwasher amp=2088W dur=22.7min mean=1845W dens=0.11-0.31/min
   mined 20613 level-excursion events from 180 pre-span days
   dw sustained profile: span=7-39min amp>=1646W mean=1460-2873W hs=0.75-1.75 idle<=0W dens<=0.750/min heater_gap_merge=70min ext_back=0.5min ext_fwd=0.0min pre_offs=['0.5', '0.5', '1.0', '0.0', '-1.0']
   dw synth onset check: 0/3 pastes recovered by gates (deltas ['none', 'none', 'none']) - no correction
   dw sustained runs: 0 pass run-basis gates (0.000/day)
   mined kettle cluster: n=1291 dur_p50=1.8min (mark 2.5min)
   mined program chains: 385 pass structure, named wm=37 dw=0
   wm sustained profile: span=34-176min amp>=2189W mean=1006-2559W hs=0.41-1.71 idle<=566W dens=0.130-0.667/min heater_gap_merge=19min ext_back=-0.8min ext_fwd=0.9min
   wm sustained runs: 149 net-new candidates (0.828/day)
   kettle sustained marks: 1/5 windows hold an isolated in-band run
   fridge fallback: population band amp=22-111W dur=11-37min n=5610
   mark profiles: kettle amp=2428W dur=3.3min mean=2153W; fridge amp=536W dur=0.6min mean=1880W; washing_machine amp=2809W dur=58.7min mean=771W dens=0.15-0.30/min; dishwasher amp=2349W dur=90.3min mean=805W dens=0.07-0.17/min
   mined 27697 level-excursion events from 180 pre-span days
   dw sustained profile: span=43-116min amp>=1880W mean=664-2533W hs=0.25-1.08 idle<=386W dens<=0.442/min heater_gap_merge=49min ext_back=0.5min ext_fwd=0.0min pre_offs=['0.5', '-0.5', '-1.0', '10.0', '10.5']
   dw synth onset check: emitted-vs-pasted onset deltas ['+0', '-90', 'none'] (median -45s)
   dw sustained runs: 72 pass run-basis gates (0.400/day)
   mined kettle cluster: n=2318 dur_p50=2.0min (mark 3.3min)
   mined program chains: 526 pass structure, named wm=176 dw=0
   wm sustained profile: span=5-184min amp>=1973W mean=1845-3946W hs=0.40-1.75 idle<=2648W dens=0.098-0.889/min heater_gap_merge=34min ext_back=2.4min ext_fwd=21.7min
   wm sustained runs: 104 net-new candidates (0.578/day)
   kettle sustained marks: 1/5 windows hold an isolated in-band run
   fridge fallback: population band amp=25-113W dur=10-33min n=6316
   fridge run-basis: 0 net-new candidates (0.00/day)
   mark profiles: fridge amp=73W dur=10.8min mean=128W; washing_machine amp=2973W dur=79.7min mean=1428W dens=0.18-0.43/min; dishwasher amp=2955W dur=29.0min mean=2076W dens=0.15-0.29/min
   mined 31167 level-excursion events from 180 pre-span days
   dw sustained profile: span=10-38min amp>=1921W mean=1403-4285W hs=0.45-1.75 idle<=4432W dens<=0.655/min heater_gap_merge=14min ext_back=0.5min ext_fwd=0.0min pre_offs=['2.5', '0.5', '0.5', '0.0', '1.0']
   dw synth onset check: 1/3 pastes recovered by gates (deltas ['+0', 'none', 'none']) - no correction
   dw sustained runs: 123 pass run-basis gates (0.683/day)
   mined program chains: 373 pass structure, named wm=45 dw=0
   wm sustained profile: span=10-91min amp>=2328W mean=1325-3818W hs=0.28-1.75 idle<=4146W dens=0.107-0.681/min heater_gap_merge=34min ext_back=9.4min ext_fwd=29.2min   mark profiles: microwave amp=1230W dur=4.8min mean=699W; fridge amp=298W dur=1.4min mean=268W; washing_machine amp=2224W dur=119.4min mean=542W dens=0.22-0.30/min; dishwasher amp=2150W dur=13.3min mean=1890W dens=0.07-0.34/min
   microwave mark draw fragments in the extractor (event p50 852W/147s vs core 1230W/288s) - event-based gate bands
   mined 26229 level-excursion events from 180 pre-span days
   dw sustained profile: span=8-21min amp>=1393W mean=1375-5022W hs=0.75-1.75 idle<=0W dens<=0.824/min heater_gap_merge=70min ext_back=0.0min ext_fwd=0.0min pre_offs=['0.5', '0.0', '0.5', '-1.0', '0.0']
   dw synth onset check: 0/3 pastes recovered by gates (deltas ['none', 'none', 'none']) - no correction
   dw sustained runs: 0 pass run-basis gates (0.000/day)
   mined microwave cluster: n=331 dur_p50=4.0min (mark 4.8min)
   mined program chains: 421 pass structure, named wm=140 dw=0
   wm sustained profile: span=43-137min amp>=1942W mean=659-3170W hs=0.21-1.58 idle<=1688W dens=0.175-0.867/min heater_gap_merge=34min ext_back=7.1min ext_fwd=26.2min
   wm sustained runs: 134 net-new candidates (0.744/day)
   fridge fallback: population band amp=22-104W dur=11-37min n=3722
   fridge run-basis: 0 net-new candidates (0.00/day)
   mark profiles: kettle amp=1260W dur=1.6min mean=878W; microwave amp=786W dur=1.7min mean=60W; fridge amp=78W dur=13.2min mean=171W; washing_machine amp=1144W dur=87.8min mean=515W dens=0.35-0.64/min; dishwasher amp=2473W dur=97.4min mean=1017W dens=0.12-0.30/min
   mined 35198 level-excursion events from 180 pre-span days
   dw sustained profile: span=47-123min amp>=1989W mean=974-1907W hs=0.30-0.95 idle<=937W dens<=0.690/min heater_gap_merge=39min ext_back=9.0min ext_fwd=0.0min pre_offs=['9.0', '-1.0', '18.5', '-0.5', '18.5']
   dw synth onset check: emitted-vs-pasted onset deltas ['-30', '+570', '-600'] (median -30s)
   dw sustained runs: 37 pass run-basis gates (0.206/day)
   mined kettle cluster: n=210 dur_p50=1.2min (mark 1.6min)
   mined microwave cluster: n=369 dur_p50=8.9min (mark 1.7min)
   mined program chains: 166 pass structure, named wm=35 dw=0
   wm sustained profile: span=2-98min amp>=1792W mean=638-2750W hs=0.13-1.75 idle<=1078W dens=0.000-1.656/min heater_gap_merge=70min ext_back=6.7min ext_fwd=34.0min
   wm sustained runs: 16 net-new candidates (0.089/day)
   kettle sustained marks: 1/5 windows hold an isolated in-band run
   fridge fallback: population band amp=22-89W dur=11-37min n=10496
   fridge run-basis: 319 net-new candidates (1.77/day)
   mark profiles: microwave amp=1254W dur=3.6min mean=696W; fridge amp=2129W dur=17.1min mean=2780W; washing_machine amp=2045W dur=118.3min mean=480W dens=0.28-0.42/min; dishwasher amp=2017W dur=13.7min mean=1806W dens=0.13-0.29/min
   mined 26229 level-excursion events from 180 pre-span days
   dw sustained profile: span=4-19min amp>=1263W mean=1212-5456W hs=0.42-1.75 idle<=2929W dens<=0.667/min heater_gap_merge=4min ext_back=1.0min ext_fwd=0.0min pre_offs=['-1.0', '1.0', '1.5', '6.0', '1.0']
   dw synth onset check: 0/3 pastes recovered by gates (deltas ['none', 'none', 'none']) - no correction
   dw sustained runs: 0 pass run-basis gates (0.000/day)
   mined microwave cluster: n=332 dur_p50=4.0min (mark 3.6min)
   mined program chains: 425 pass structure, named wm=106 dw=0
   wm sustained profile: span=7-143min amp>=1516W mean=371-3144W hs=0.13-1.75 idle<=1254W dens=0.125-0.838/min heater_gap_merge=100min ext_back=12.1min ext_fwd=41.2min
   wm sustained runs: 69 net-new candidates (0.383/day)
   fridge fallback: population band amp=22-104W dur=11-37min n=3722
   fridge run-basis: 0 net-new candidates (0.00/day)
   mark profiles: kettle amp=2981W dur=2.1min mean=2477W; microwave amp=1906W dur=2.8min mean=1169W; fridge amp=30W dur=4.5min mean=35W; washing_machine amp=1960W dur=75.1min mean=223W dens=0.06-0.32/min
   microwave mark draw fragments in the extractor (event p50 1364W/84s vs core 1906W/168s) - event-based gate bands
   mined 21601 level-excursion events from 180 pre-span days
   mined kettle cluster: n=2560 dur_p50=1.0min (mark 2.1min)
   mined microwave cluster: n=1641 dur_p50=1.3min (mark 2.8min)
   mined program chains: 628 pass structure, named wm=200 dw=0
   dw sustained detector disabled (mark windows produced no heater runs)
   wm sustained profile: span=8-204min amp>=2177W mean=1564-4373W hs=0.44-1.75 idle<=1230W dens=0.000-0.736/min heater_gap_merge=59min ext_back=1.2min ext_fwd=16.8min
   wm sustained runs: 102 net-new candidates (0.567/day)
   kettle sustained marks: 2/5 windows hold an isolated in-band run
   fridge fallback: population band amp=23-79W dur=11-36min n=3828
   fridge run-basis: 908 net-new candidates (5.04/day)
   mark profiles: fridge amp=82W dur=0.5min mean=83W; washing_machine amp=2376W dur=32.4min mean=762W dens=0.15-0.33/min; dishwasher amp=2235W dur=30.8min mean=1675W dens=0.26-0.45/min
   mined 19714 level-excursion events from 180 pre-span days
   dw sustained profile: span=17-41min amp>=1819W mean=1447-3541W hs=0.59-1.54 idle<=372W dens<=1.091/min heater_gap_merge=4min ext_back=0.0min ext_fwd=0.0min pre_offs=['1.0', '0.5', '0.0', '-1.0', '-0.5']
   dw synth onset check: emitted-vs-pasted onset deltas ['+0', '+30', '-60'] (median +0s)
   dw sustained runs: 54 pass run-basis gates (0.300/day)
   mined program chains: 302 pass structure, named wm=23 dw=0
   wm sustained profile: span=4-44min amp>=1891W mean=1072-2882W hs=0.33-1.75 idle<=1032W dens=0.129-0.632/min heater_gap_merge=12min ext_back=1.5min ext_fwd=15.5min
   wm sustained runs: 37 net-new candidates (0.206/day)
   fridge fallback: population band amp=22-95W dur=12-37min n=4245
   fridge run-basis: 2637 net-new candidates (14.65/day)
   mark profiles: kettle amp=2684W dur=1.1min mean=1701W; microwave amp=1144W dur=2.2min mean=256W; fridge amp=227W dur=1.6min mean=563W; washing_machine amp=438W dur=101.6min mean=146W dens=0.49-0.62/min
   mined 24535 level-excursion events from 180 pre-span days
   mined kettle cluster: n=803 dur_p50=1.2min (mark 1.1min)
   mined microwave cluster: n=300 dur_p50=1.3min (mark 2.2min)
   mined program chains: 463 pass structure, named wm=33 dw=0
   dw sustained detector disabled (mark windows produced no heater runs)
   wm sustained profile: span=54-125min amp>=418W mean=229-494W hs=0.40-1.01 idle<=266W dens=0.383-1.286/min heater_gap_merge=12min ext_back=1.1min ext_fwd=3.3min
   wm sustained runs: 74 net-new candidates (0.411/day)
   kettle sustained marks: 3/5 windows hold an isolated in-band run
   kettle sustained runs: 289 net-new candidates (1.61/day)
   fridge fallback: population band amp=21-108W dur=11-38min n=5342
   fridge run-basis: 0 net-new candidates (0.00/day)
   mark profiles: fridge amp=807W dur=42.3min mean=821W
   mined 22945 level-excursion events from 180 pre-span days
   mined program chains: 0 pass structure, named wm=0 dw=0
   dw sustained detector disabled (mark windows produced no heater runs)
   fridge fallback: population band amp=22-61W dur=12-38min n=5439
   fridge run-basis: 0 net-new candidates (0.00/day)
   mark profiles: microwave amp=1162W dur=4.0min mean=1006W; fridge amp=44W dur=2.4min mean=161W; washing_machine amp=1971W dur=92.6min mean=30W dens=0.24-0.48/min
   mined 11407 level-excursion events from 180 pre-span days
   mined microwave cluster: n=136 dur_p50=1.4min (mark 4.0min)
   mined program chains: 72 pass structure, named wm=36 dw=0
   dw sustained detector disabled (mark windows produced no heater runs)
   wm sustained profile: span=7-94min amp>=1867W mean=1087-3950W hs=0.32-1.75 idle<=1002W dens=0.167-1.288/min heater_gap_merge=35min ext_back=2.8min ext_fwd=56.2min
   wm sustained runs: 23 net-new candidates (0.128/day)
   fridge fallback: population band amp=22-85W dur=11-37min n=2182
   fridge run-basis: 1317 net-new candidates (7.32/day)
   mark profiles: microwave amp=1831W dur=3.5min mean=997W; fridge amp=174W dur=13.2min mean=215W; washing_machine amp=1624W dur=43.4min mean=736W dens=0.14-0.41/min; dishwasher amp=3200W dur=18.7min mean=2804W dens=0.05-0.37/min
   mined 20223 level-excursion events from 180 pre-span days
   dw sustained profile: span=9-25min amp>=2402W mean=1603-4347W hs=0.53-1.75 idle<=16W dens<=0.966/min heater_gap_merge=6min ext_back=0.5min ext_fwd=0.0min pre_offs=['0.5', '1.0', '0.5', '0.5', '1.0']
   dw sustained runs: 39 pass run-basis gates (0.217/day)
   mined program chains: 303 pass structure, named wm=24 dw=0
   wm sustained profile: span=2-36min amp>=1883W mean=914-4470W hs=0.26-1.75 idle<=1368W dens=0.000-0.500/min heater_gap_merge=12min ext_back=4.0min ext_fwd=15.4min
   wm sustained runs: 64 net-new candidates (0.356/day)
   fridge fallback: population band amp=22-95W dur=12-37min n=4245
   fridge run-basis: 362 net-new candidates (2.01/day)
   mark profiles: kettle amp=2614W dur=1.7min mean=2226W; microwave amp=1100W dur=1.8min mean=932W; fridge amp=163W dur=0.5min mean=515W; washing_machine amp=526W dur=99.8min mean=240W dens=0.44-0.66/min
   mined 24535 level-excursion events from 180 pre-span days
   mined kettle cluster: n=938 dur_p50=1.3min (mark 1.7min)
   mined microwave cluster: n=315 dur_p50=1.2min (mark 1.8min)
   mined program chains: 401 pass structure, named wm=63 dw=0
   dw sustained detector disabled (mark windows produced no heater runs)
   wm sustained profile: span=27-119min amp>=392W mean=200-521W hs=0.26-1.07 idle<=391W dens=0.363-1.389/min heater_gap_merge=17min ext_back=0.8min ext_fwd=7.1min
   wm sustained runs: 58 net-new candidates (0.322/day)
   kettle sustained marks: 1/5 windows hold an isolated in-band run
   fridge fallback: population band amp=21-108W dur=11-38min n=5342
   fridge run-basis: 0 net-new candidates (0.00/day)
   mark profiles: fridge amp=635W dur=0.2min mean=1005W
   mined 22945 level-excursion events from 180 pre-span days
   mined program chains: 0 pass structure, named wm=0 dw=0
   dw sustained detector disabled (mark windows produced no heater runs)
   fridge fallback: population band amp=22-61W dur=12-38min n=5439
   fridge run-basis: 0 net-new candidates (0.00/day)
   mark profiles: microwave amp=1172W dur=2.2min mean=1067W; fridge amp=272W dur=0.5min mean=378W; washing_machine amp=2159W dur=88.3min mean=459W dens=0.09-0.55/min
   mined 11407 level-excursion events from 180 pre-span days
   mined microwave cluster: n=138 dur_p50=1.4min (mark 2.2min)
   mined program chains: 70 pass structure, named wm=38 dw=0
   dw sustained detector disabled (mark windows produced no heater runs)
   wm sustained profile: mark window 4 has no heater blocks; skipped
   wm sustained profile: span=4-89min amp>=1895W mean=1108-3543W hs=0.37-1.75 idle<=938W dens=0.107-0.706/min heater_gap_merge=35min ext_back=5.0min ext_fwd=55.0min
   wm sustained runs: 18 net-new candidates (0.100/day)
   fridge fallback: population band amp=22-85W dur=11-37min n=2182
   fridge run-basis: 0 net-new candidates (0.00/day)
   mark profiles: microwave amp=1427W dur=1.7min mean=406W; fridge amp=279W dur=4.7min mean=312W; washing_machine amp=2316W dur=48.6min mean=700W dens=0.13-0.32/min; dishwasher amp=2989W dur=17.0min mean=2422W dens=0.11-0.47/min
   mined 20223 level-excursion events from 180 pre-span days
   dw sustained profile: span=9-39min amp>=2384W mean=1159-3887W hs=0.38-1.75 idle<=202W dens<=1.200/min heater_gap_merge=13min ext_back=0.0min ext_fwd=0.0min pre_offs=['0.5', '0.0', '0.0', '0.5', '0.0']
   dw synth onset check: 0/3 pastes recovered by gates (deltas ['none', 'none', 'none']) - no correction
   dw sustained runs: 59 pass run-basis gates (0.328/day)
   mined microwave cluster: n=403 dur_p50=1.3min (mark 1.7min)
   mined program chains: 166 pass structure, named wm=50 dw=0
   wm sustained profile: span=3-123min amp>=2130W mean=919-3364W hs=0.22-1.75 idle<=1846W dens=0.000-0.731/min heater_gap_merge=59min ext_back=5.0min ext_fwd=21.7min
   wm sustained runs: 46 net-new candidates (0.256/day)
   fridge fallback: population band amp=27-115W dur=11-38min n=3173
   fridge run-basis: 0 net-new candidates (0.00/day)

   dw synth onset check: 0/3 pastes recovered by gates (deltas ['none', 'none', 'none']) - no correction
   dw sustained runs: 7 pass run-basis gates (0.039/day)
   mined microwave cluster: n=244 dur_p50=1.7min (mark 3.5min)
   mined program chains: 210 pass structure, named wm=7 dw=0
   wm sustained profile: span=5-54min amp>=1286W mean=697-3364W hs=0.17-1.75 idle<=1616W dens=0.000-0.963/min heater_gap_merge=26min ext_back=7.1min ext_fwd=11.0min
   wm sustained runs: 70 net-new candidates (0.389/day)
   fridge fallback: population band amp=27-115W dur=11-38min n=3173
   fridge run-basis: 0 net-new candidates (0.00/day)
   mark profiles: fridge amp=30W dur=20.0min mean=30W
   mined 6034 level-excursion events from 142 pre-span days
   mined program chains: 0 pass structure, named wm=0 dw=0
   dw sustained detector disabled (mark windows produced no heater runs)
   fridge fallback: population band amp=22-87W dur=12-34min n=2371
   fridge run-basis: 173 net-new candidates (1.22/day)
   mark profiles: fridge amp=53W dur=17.6min mean=170W; washing_machine amp=2138W dur=42.7min mean=477W dens=0.00-0.25/min; dishwasher amp=2409W dur=31.3min mean=1754W dens=0.17-0.46/min
   mined 19714 level-excursion events from 180 pre-span days
   dw sustained profile: span=19-42min amp>=1793W mean=1436-4481W hs=0.60-1.57 idle<=2074W dens<=0.968/min heater_gap_merge=4min ext_back=0.0min ext_fwd=0.0min pre_offs=['0.5', '0.0', '0.5', '-0.5', '0.0']
   dw synth onset check: emitted-vs-pasted onset deltas ['+0', '+0', '+30'] (median +0s)
   dw sustained runs: 70 pass run-basis gates (0.389/day)
   mined program chains: 304 pass structure, named wm=60 dw=0
   wm sustained profile: mark window 2 has no heater blocks; skipped
   wm sustained profile: span=3-59min amp>=1908W mean=913-3005W hs=0.31-1.75 idle<=771W dens=0.055-0.421/min heater_gap_merge=27min ext_back=1.0min ext_fwd=20.5min
   wm sustained runs: 40 net-new candidates (0.222/day)
   fridge fallback: population band amp=22-95W dur=12-37min n=4245
   fridge run-basis: 744 net-new candidates (4.13/day)
   mark profiles: kettle amp=2645W dur=1.6min mean=1962W; microwave amp=1171W dur=2.1min mean=1159W; fridge amp=371W dur=0.3min mean=498W; washing_machine amp=582W dur=101.0min mean=303W dens=0.37-0.67/min
   kettle mark draw fragments in the extractor (event p50 2645W/48s vs core 2645W/96s) - event-based gate bands
   mined 24535 level-excursion events from 180 pre-span days
   mined kettle cluster: n=865 dur_p50=1.2min (mark 1.6min)
   mined microwave cluster: n=294 dur_p50=1.2min (mark 2.1min)
   mined program chains: 377 pass structure, named wm=67 dw=0
   dw sustained detector disabled (mark windows produced no heater runs)
   wm sustained profile: span=27-123min amp>=473W mean=274-847W hs=0.26-1.51 idle<=458W dens=0.303-1.401/min heater_gap_merge=12min ext_back=0.6min ext_fwd=5.1min
   wm sustained runs: 60 net-new candidates (0.333/day)
   kettle sustained marks: 1/5 windows hold an isolated in-band run
   fridge fallback: population band amp=21-108W dur=11-38min n=5342
   fridge run-basis: 0 net-new candidates (0.00/day)

   wm sustained runs: 34 net-new candidates (0.189/day)
   kettle sustained marks: 3/5 windows hold an isolated in-band run
   kettle sustained runs: 147 net-new candidates (0.82/day)
   fridge fallback: population band amp=21-113W dur=11-37min n=2853
   fridge run-basis: 642 net-new candidates (3.57/day)
   mark profiles: kettle amp=1891W dur=2.7min mean=1566W; microwave amp=1260W dur=4.0min mean=1238W; washing_machine amp=2964W dur=53.3min mean=1079W dens=0.07-0.25/min
   mined 17092 level-excursion events from 180 pre-span days
   mined kettle cluster: n=491 dur_p50=2.0min (mark 2.7min)
   mined microwave cluster: n=423 dur_p50=2.5min (mark 4.0min)
   mined program chains: 93 pass structure, named wm=16 dw=0
   dw sustained detector disabled (mark windows produced no heater runs)
   wm sustained profile: span=6-25min amp>=2632W mean=2208-4224W hs=0.75-1.75 idle<=0W dens=0.043-0.875/min heater_gap_merge=70min ext_back=0.7min ext_fwd=31.7min
   wm sustained runs: 6 net-new candidates (0.033/day)
   kettle sustained marks: 1/5 windows hold an isolated in-band run
   fridge fallback: population band amp=21-115W dur=11-38min n=1803
   mark profiles: kettle amp=1862W dur=2.6min mean=1627W; fridge amp=120W dur=2.0min mean=107W
   mined 14724 level-excursion events from 180 pre-span days
   mined kettle cluster: n=129 dur_p50=5.6min (mark 2.6min)
   mined program chains: 0 pass structure, named wm=0 dw=0
   dw sustained detector disabled (mark windows produced no heater runs)
   kettle sustained marks: 2/5 windows hold an isolated in-band run
   fridge fallback: population band amp=37-80W dur=11-35min n=7777
   fridge run-basis: 0 net-new candidates (0.00/day)
   mark profiles: kettle amp=3053W dur=2.1min mean=2077W; washing_machine amp=2266W dur=68.0min mean=567W dens=0.23-0.37/min; dishwasher amp=2119W dur=15.4min mean=1962W dens=0.05-0.40/min
   mined 20613 level-excursion events from 180 pre-span days
   dw sustained profile: span=8-28min amp>=1596W mean=1575-2945W hs=0.75-1.75 idle<=0W dens<=0.933/min heater_gap_merge=70min ext_back=0.5min ext_fwd=0.0min pre_offs=['0.0', '0.5', '1.0', '0.5', '1.0']
   dw synth onset check: 0/3 pastes recovered by gates (deltas ['none', 'none', 'none']) - no correction
   dw sustained runs: 0 pass run-basis gates (0.000/day)
   mined kettle cluster: n=1268 dur_p50=1.8min (mark 2.1min)
   mined program chains: 262 pass structure, named wm=63 dw=0
   wm sustained profile: span=14-86min amp>=1846W mean=679-1942W hs=0.16-0.83 idle<=1404W dens=0.211-0.696/min heater_gap_merge=54min ext_back=3.9min ext_fwd=30.4min
   wm sustained runs: 37 net-new candidates (0.206/day)
   kettle sustained marks: 2/5 windows hold an isolated in-band run
   fridge fallback: population band amp=22-111W dur=11-37min n=5610
   mark profiles: kettle amp=2002W dur=1.9min mean=1939W; microwave amp=1266W dur=2.3min mean=988W; washing_machine amp=2823W dur=45.0min mean=897W dens=0.04-0.20/min
   mined 17092 level-excursion events from 180 pre-span days
   mined kettle cluster: n=497 dur_p50=2.1min (mark 1.9min)
   mined microwave cluster: n=422 dur_p50=2.5min (mark 2.3min)
   mined program chains: 103 pass structure, named wm=10 dw=0
   dw sustained detector disabled (mark windows produced no heater runs)
   wm sustained profile: span=7-21min amp>=2742W mean=2327-5881W hs=0.73-1.75 idle<=0W dens=0.000-0.593/min heater_gap_merge=0min ext_back=0.2min ext_fwd=32.4min
   wm sustained runs: 4 net-new candidates (0.022/day)
   kettle sustained marks: 3/5 windows hold an isolated in-band run
   kettle sustained runs: 194 net-new candidates (1.08/day)
   fridge fallback: population band amp=21-115W dur=11-38min n=1803

   mined microwave cluster: n=1571 dur_p50=1.5min (mark 1.4min)
   mined program chains: 415 pass structure, named wm=22 dw=0
   dw sustained detector disabled (mark windows produced no heater runs)
   wm sustained profile: mark window 0 has no heater blocks; skipped
   wm sustained profile: span=15-79min amp>=622W mean=365-2279W hs=0.34-1.20 idle<=505W dens=0.122-0.698/min heater_gap_merge=10min ext_back=0.5min ext_fwd=0.2min
   wm sustained runs: 158 net-new candidates (0.878/day)
   kettle sustained marks: 3/5 windows hold an isolated in-band run
   kettle sustained runs: 157 net-new candidates (0.87/day)
   fridge fallback: population band amp=21-100W dur=11-38min n=2097
   fridge run-basis: 0 net-new candidates (0.00/day)
   mark profiles: kettle amp=2320W dur=2.8min mean=2308W; fridge amp=2658W dur=0.6min mean=2793W; washing_machine amp=2416W dur=104.7min mean=954W dens=0.18-0.32/min; dishwasher amp=2240W dur=90.5min mean=647W dens=0.09-0.24/min
   mined 27697 level-excursion events from 180 pre-span days
   dw sustained profile: span=46-108min amp>=1846W mean=737-1751W hs=0.28-0.83 idle<=828W dens<=0.716/min heater_gap_merge=52min ext_back=10.5min ext_fwd=0.0min pre_offs=['10.5', '10.0', '10.5', '10.0', '16.0']
   dw synth onset check: emitted-vs-pasted onset deltas ['+0', '+0', '-30'] (median +0s)
   dw sustained runs: 62 pass run-basis gates (0.344/day)
   mined kettle cluster: n=2337 dur_p50=2.0min (mark 2.8min)
   mined program chains: 530 pass structure, named wm=150 dw=0
   wm sustained profile: span=19-131min amp>=2119W mean=628-2872W hs=0.10-1.02 idle<=1121W dens=0.169-0.713/min heater_gap_merge=101min ext_back=3.7min ext_fwd=17.7min
   wm sustained runs: 44 net-new candidates (0.244/day)
   kettle sustained marks: 3/5 windows hold an isolated in-band run
   kettle sustained runs: 156 net-new candidates (0.87/day)
   fridge fallback: population band amp=25-113W dur=10-33min n=6316
   fridge run-basis: 0 net-new candidates (0.00/day)
   mark profiles: fridge amp=44W dur=18.4min mean=311W; washing_machine amp=2250W dur=79.2min mean=977W dens=0.28-0.33/min; dishwasher amp=2338W dur=32.3min mean=1660W dens=0.09-0.27/min
   mined 31167 level-excursion events from 180 pre-span days
   dw sustained profile: span=18-42min amp>=1875W mean=1340-2696W hs=0.56-1.33 idle<=370W dens<=0.716/min heater_gap_merge=10min ext_back=0.5min ext_fwd=0.0min pre_offs=['1.0', '0.5', '0.5', '0.0', '0.0']
   dw synth onset check: emitted-vs-pasted onset deltas ['+0', '+0', '+0'] (median +0s)
   dw sustained runs: 184 pass run-basis gates (1.022/day)
   mined program chains: 385 pass structure, named wm=192 dw=0
   wm sustained profile: span=28-119min amp>=1753W mean=568-2765W hs=0.21-1.01 idle<=602W dens=0.242-0.783/min heater_gap_merge=57min ext_back=0.0min ext_fwd=11.8min
   wm sustained runs: 24 net-new candidates (0.133/day)
   fridge fallback: population band amp=21-88W dur=11-37min n=6658
   fridge run-basis: 288 net-new candidates (1.60/day)
   mark profiles: kettle amp=2380W dur=2.0min mean=2114W; microwave amp=1658W dur=1.2min mean=826W; fridge amp=62W dur=20.4min mean=61W; washing_machine amp=1910W dur=86.8min mean=659W dens=0.00-0.49/min; dishwasher amp=2270W dur=96.2min mean=560W dens=0.06-0.14/min
   microwave mark draw fragments in the extractor (event p50 1130W/48s vs core 1658W/72s) - event-based gate bands
   mined 18664 level-excursion events from 180 pre-span days
   dw sustained profile: span=46-98min amp>=1801W mean=566-1214W hs=0.22-0.56 idle<=638W dens<=0.312/min heater_gap_merge=68min ext_back=18.0min ext_fwd=0.0min pre_offs=['18.0', '18.5', '18.0', '18.0', '18.0']
   dw synth onset check: emitted-vs-pasted onset deltas ['+0', '+0', '+0'] (median +0s)
   dw sustained runs: 46 pass run-basis gates (0.256/day)
   mined kettle cluster: n=608 dur_p50=1.8min (mark 2.0min)
   mined microwave cluster: n=847 dur_p50=2.5min (mark 1.2min)
   mined program chains: 220 pass structure, named wm=111 dw=0
   wm sustained profile: mark window 1 has no heater blocks; skipped
   wm sustained profile: span=15-98min amp>=1600W mean=663-1287W hs=0.15-0.50 idle<=1376W dens=0.248-1.121/min heater_gap_merge=44min ext_back=2.4min ext_fwd=25.6min
   wm sustained runs: 35 net-new candidates (0.194/day)
   kettle sustained marks: 2/5 windows hold an isolated in-band run
   fridge fallback: population band amp=22-92W dur=10-36min n=4966
   fridge run-basis: 645 net-new candidates (3.58/day)

   mark profiles: kettle amp=1384W dur=1.8min mean=1217W; fridge amp=244W dur=52.5min mean=223W; washing_machine amp=2150W dur=88.7min mean=391W dens=0.45-0.53/min; dishwasher amp=1979W dur=80.3min mean=716W dens=0.13-0.32/min
   mined 23734 level-excursion events from 180 pre-span days
   dw sustained profile: span=3-80min amp>=1369W mean=750-3482W hs=0.21-1.40 idle<=314W dens<=0.688/min heater_gap_merge=24min ext_back=18.0min ext_fwd=0.5min pre_offs=['16.5', '17.5', '77.5', '18.0', '18.5']
   dw synth onset check: emitted-vs-pasted onset deltas ['-30', '-60', 'none'] (median -45s)
   dw sustained runs: 194 pass run-basis gates (1.078/day)
   mined kettle cluster: n=647 dur_p50=2.1min (mark 1.8min)
   mined program chains: 380 pass structure, named wm=55 dw=0
   wm sustained profile: span=8-81min amp>=1588W mean=1221-2593W hs=0.52-1.75 idle<=670W dens=0.111-0.978/min heater_gap_merge=24min ext_back=8.9min ext_fwd=56.3min
   wm sustained runs: 22 net-new candidates (0.122/day)
   kettle sustained marks: 3/5 windows hold an isolated in-band run
   kettle sustained runs: 111 net-new candidates (0.62/day)
   fridge fallback: population band amp=21-105W dur=11-38min n=3541
   fridge run-basis: 0 net-new candidates (0.00/day)
   mark profiles: fridge amp=46W dur=4.0min mean=52W
   mined 15719 level-excursion events from 164 pre-span days
   mined program chains: 0 pass structure, named wm=0 dw=0
   dw sustained detector disabled (mark windows produced no heater runs)
   fridge fallback: population band amp=22-108W dur=10-36min n=1460
   fridge run-basis: 7630 net-new candidates (46.52/day)
   mark profiles: kettle amp=2340W dur=1.2min mean=1752W; microwave amp=1526W dur=1.4min mean=808W; fridge amp=113W dur=11.2min mean=151W; washing_machine amp=1536W dur=63.0min mean=518W dens=0.14-0.35/min
   microwave mark draw fragments in the extractor (event p50 1554W/36s vs core 1526W/84s) - event-based gate bands
   mined 19456 level-excursion events from 180 pre-span days
   mined kettle cluster: n=2923 dur_p50=1.5min (mark 1.2min)
   mined microwave cluster: n=1035 dur_p50=1.4min (mark 1.4min)
   mined program chains: 352 pass structure, named wm=29 dw=0
   dw sustained detector disabled (mark windows produced no heater runs)
   wm sustained profile: span=1-34min amp>=1648W mean=1024-2887W hs=0.42-1.75 idle<=1401W dens=0.000-1.333/min heater_gap_merge=4min ext_back=4.1min ext_fwd=46.5min
   wm sustained runs: 34 net-new candidates (0.189/day)
   kettle sustained marks: 3/5 windows hold an isolated in-band run
   kettle sustained runs: 58 net-new candidates (0.32/day)
   fridge fallback: population band amp=21-100W dur=11-38min n=2097
   fridge run-basis: 212 net-new candidates (1.18/day)
   mark profiles: kettle amp=2182W dur=2.4min mean=1536W; fridge amp=91W dur=14.8min mean=136W; washing_machine amp=2197W dur=63.5min mean=564W dens=0.16-0.32/min; dishwasher amp=2141W dur=87.1min mean=677W dens=0.10-0.28/min
   mined 27697 level-excursion events from 180 pre-span days
   dw sustained profile: span=46-116min amp>=1958W mean=809-2507W hs=0.27-1.09 idle<=1298W dens<=0.645/min heater_gap_merge=52min ext_back=10.5min ext_fwd=0.0min pre_offs=['10.5', '11.0', '15.5', '10.0', '-1.0']
   dw synth onset check: emitted-vs-pasted onset deltas ['-30', '+0', '-30'] (median -30s)
   dw sustained runs: 123 pass run-basis gates (0.683/day)
   mined kettle cluster: n=2201 dur_p50=2.0min (mark 2.4min)
   mined program chains: 537 pass structure, named wm=106 dw=0
   wm sustained profile: span=11-126min amp>=2063W mean=1017-3802W hs=0.29-1.75 idle<=2058W dens=0.130-0.779/min heater_gap_merge=48min ext_back=4.5min ext_fwd=24.5min
   wm sustained runs: 87 net-new candidates (0.483/day)
   kettle sustained marks: 1/5 windows hold an isolated in-band run
   fridge fallback: population band amp=25-113W dur=10-33min n=6316
   fridge run-basis: 723 net-new candidates (4.02/day)

   mark profiles: kettle amp=3045W dur=1.9min mean=2369W; microwave amp=1702W dur=5.8min mean=1138W; fridge amp=668W dur=19.9min mean=923W; washing_machine amp=2296W dur=50.1min mean=1097W dens=0.13-0.23/min
   microwave mark draw fragments in the extractor (event p50 1784W/102s vs core 1702W/348s) - event-based gate bands
   mined 21601 level-excursion events from 180 pre-span days
   mined kettle cluster: n=2459 dur_p50=1.0min (mark 1.9min)
   mined microwave cluster: n=632 dur_p50=1.6min (mark 5.8min)
   mined program chains: 611 pass structure, named wm=208 dw=0
   dw sustained detector disabled (mark windows produced no heater runs)
   wm sustained profile: span=8-99min amp>=2104W mean=984-4785W hs=0.32-1.75 idle<=460W dens=0.000-0.539/min heater_gap_merge=29min ext_back=1.0min ext_fwd=16.0min
   wm sustained runs: 253 net-new candidates (1.406/day)
   kettle sustained marks: 2/5 windows hold an isolated in-band run
   fridge fallback: population band amp=23-79W dur=11-36min n=3828
   fridge run-basis: 0 net-new candidates (0.00/day)
   mark profiles: microwave amp=1270W dur=6.3min mean=857W; fridge amp=54W dur=21.2min mean=157W; washing_machine amp=2140W dur=119.2min mean=297W dens=0.30-0.47/min; dishwasher amp=1933W dur=13.4min mean=1772W dens=0.00-0.58/min
   microwave mark draw fragments in the extractor (event p50 1224W/117s vs core 1270W/378s) - event-based gate bands
   mined 26229 level-excursion events from 180 pre-span days
   dw sustained profile: span=4-19min amp>=1263W mean=1060-2721W hs=0.50-1.75 idle<=2829W dens<=1.333/min heater_gap_merge=1min ext_back=0.0min ext_fwd=0.0min pre_offs=['1.0', '6.0', '0.0', '0.0', '0.0']
   dw synth onset check: 0/3 pastes recovered by gates (deltas ['none', 'none', 'none']) - no correction
   dw sustained runs: 0 pass run-basis gates (0.000/day)
   mined microwave cluster: n=331 dur_p50=4.0min (mark 6.3min)
   mined program chains: 431 pass structure, named wm=134 dw=0
   wm sustained profile: span=48-154min amp>=1664W mean=369-3823W hs=0.10-1.43 idle<=1057W dens=0.256-0.974/min heater_gap_merge=109min ext_back=1.1min ext_fwd=16.2min
   wm sustained runs: 21 net-new candidates (0.117/day)
   fridge fallback: population band amp=22-104W dur=11-37min n=3722
   fridge run-basis: 355 net-new candidates (1.97/day)
   mark profiles: kettle amp=3090W dur=1.6min mean=2616W; microwave amp=1692W dur=2.5min mean=1119W; fridge amp=48W dur=0.6min mean=58W; washing_machine amp=2558W dur=45.9min mean=890W dens=0.10-0.29/min
   mined 21601 level-excursion events from 180 pre-span days
   mined kettle cluster: n=2237 dur_p50=1.2min (mark 1.6min)
   mined microwave cluster: n=637 dur_p50=1.7min (mark 2.5min)
   mined program chains: 582 pass structure, named wm=195 dw=0
   dw sustained detector disabled (mark windows produced no heater runs)
   wm sustained profile: span=4-82min amp>=2104W mean=984-3619W hs=0.32-1.75 idle<=701W dens=0.092-0.800/min heater_gap_merge=29min ext_back=1.7min ext_fwd=19.2min
   wm sustained runs: 217 net-new candidates (1.206/day)
   kettle sustained marks: 1/5 windows hold an isolated in-band run
   fridge fallback: population band amp=23-79W dur=11-36min n=3828
   fridge run-basis: 835 net-new candidates (4.64/day)

   wm sustained runs: 43 net-new candidates (0.239/day)
   fridge fallback: population band amp=21-88W dur=11-37min n=6658
   fridge run-basis: 405 net-new candidates (2.25/day)
   mark profiles: kettle amp=2423W dur=2.2min mean=1914W; microwave amp=1669W dur=1.3min mean=1036W; fridge amp=51W dur=20.9min mean=118W; washing_machine amp=2068W dur=89.8min mean=632W dens=0.32-0.49/min; dishwasher amp=2198W dur=95.7min mean=536W dens=0.05-0.28/min
   mined 18664 level-excursion events from 180 pre-span days
   dw sustained profile: span=46-99min amp>=1823W mean=536-2064W hs=0.21-1.33 idle<=638W dens<=0.654/min heater_gap_merge=69min ext_back=18.5min ext_fwd=0.0min pre_offs=['19.0', '19.5', '18.5', '17.5', '18.5']
   dw synth onset check: emitted-vs-pasted onset deltas ['-30', '-30', '+0'] (median -30s)
   dw sustained runs: 62 pass run-basis gates (0.344/day)
   mined kettle cluster: n=601 dur_p50=1.8min (mark 2.2min)
   mined microwave cluster: n=850 dur_p50=2.5min (mark 1.3min)
   mined program chains: 215 pass structure, named wm=40 dw=0
   wm sustained profile: span=15-84min amp>=1472W mean=577-1981W hs=0.10-1.18 idle<=1552W dens=0.235-1.126/min heater_gap_merge=53min ext_back=2.5min ext_fwd=42.4min
   wm sustained runs: 51 net-new candidates (0.283/day)
   kettle sustained marks: 4/5 windows hold an isolated in-band run
   kettle sustained runs: 126 net-new candidates (0.70/day)
   fridge fallback: population band amp=22-92W dur=10-36min n=4966
   fridge run-basis: 651 net-new candidates (3.62/day)
   mark profiles: kettle amp=2019W dur=1.4min mean=1654W; microwave amp=1241W dur=1.7min mean=801W; fridge amp=349W dur=0.7min mean=459W; washing_machine amp=159W dur=98.5min mean=63W dens=0.00-0.40/min; dishwasher amp=1572W dur=94.9min mean=730W dens=0.07-0.28/min
   mined 14141 level-excursion events from 180 pre-span days
   dw sustained profile: span=34-121min amp>=1071W mean=599-2208W hs=0.44-1.69 idle<=230W dens<=0.577/min heater_gap_merge=29min ext_back=3.5min ext_fwd=0.5min pre_offs=['0.0', '3.5', '-1.0', '11.5', '28.0']
   dw synth onset check: emitted-vs-pasted onset deltas ['+0', '-870', '-210'] (median -210s)
   dw synth onset check: ext_back 3.5 -> 0.0 min; deltas after ['+210', '-660', '+0']
   dw sustained runs: 27 pass run-basis gates (0.150/day)
   mined kettle cluster: n=1237 dur_p50=1.7min (mark 1.4min)
   mined microwave cluster: n=868 dur_p50=1.5min (mark 1.7min)
   mined program chains: 922 pass structure, named wm=157 dw=0
   wm sustained profile: mark window 0 has no heater blocks; skipped
   wm sustained profile: span=5-150min amp>=166W mean=83-1835W hs=0.17-1.75 idle<=130W dens=0.000-0.843/min heater_gap_merge=65min ext_back=0.9min ext_fwd=1.2min
   wm sustained runs: 203 net-new candidates (1.128/day)
   kettle sustained marks: 3/5 windows hold an isolated in-band run
   kettle sustained runs: 142 net-new candidates (0.79/day)
   fridge fallback: population band amp=21-113W dur=11-37min n=2853
   fridge run-basis: 0 net-new candidates (0.00/day)
   mark profiles: kettle amp=1408W dur=2.7min mean=965W; fridge amp=115W dur=8.8min mean=113W; washing_machine amp=2000W dur=85.0min mean=479W dens=0.26-0.54/min; dishwasher amp=2214W dur=79.8min mean=900W dens=0.10-0.25/min
   mined 23734 level-excursion events from 180 pre-span days
   dw sustained profile: span=34-81min amp>=1638W mean=746-1503W hs=0.18-0.92 idle<=1137W dens<=0.456/min heater_gap_merge=54min ext_back=17.5min ext_fwd=0.5min pre_offs=['9.5', '18.0', '18.5', '17.5', '17.5']
   dw synth onset check: emitted-vs-pasted onset deltas ['+0', '-30', 'none'] (median -15s)
   dw sustained runs: 84 pass run-basis gates (0.467/day)
   mined kettle cluster: n=636 dur_p50=2.1min (mark 2.7min)
   mined program chains: 377 pass structure, named wm=41 dw=0
   wm sustained profile: span=12-81min amp>=1668W mean=910-2593W hs=0.35-1.48 idle<=2242W dens=0.194-0.870/min heater_gap_merge=24min ext_back=3.3min ext_fwd=49.8min
   wm sustained runs: 145 net-new candidates (0.806/day)
   kettle sustained marks: 4/5 windows hold an isolated in-band run
   kettle sustained runs: 188 net-new candidates (1.04/day)
   fridge fallback: population band amp=21-105W dur=11-38min n=3541
   fridge run-basis: 634 net-new candidates (3.52/day)

   mined program chains: 256 pass structure, named wm=55 dw=0
   wm sustained profile: span=2-82min amp>=2006W mean=1168-3355W hs=0.34-1.75 idle<=1534W dens=0.000-0.533/min heater_gap_merge=42min ext_back=4.1min ext_fwd=16.4min
   wm sustained runs: 95 net-new candidates (0.528/day)
   kettle sustained marks: 4/5 windows hold an isolated in-band run
   kettle sustained runs: 124 net-new candidates (0.69/day)
   fridge fallback: population band amp=22-111W dur=11-37min n=5610
   mark profiles: kettle amp=2840W dur=1.4min mean=1776W; microwave amp=1995W dur=1.9min mean=982W; fridge amp=45W dur=11.8min mean=360W; washing_machine amp=872W dur=16.8min mean=428W dens=0.12-0.61/min; dishwasher amp=2410W dur=96.7min mean=946W dens=0.13-0.24/min
   microwave mark draw fragments in the extractor (event p50 1556W/51s vs core 1995W/114s) - event-based gate bands
   mined 35198 level-excursion events from 180 pre-span days
   dw sustained profile: span=45-121min amp>=1943W mean=936-1719W hs=0.32-0.93 idle<=1072W dens<=0.515/min heater_gap_merge=36min ext_back=18.0min ext_fwd=0.0min pre_offs=['18.0', '18.5', '18.0', '4.5', '20.5']
   dw synth onset check: emitted-vs-pasted onset deltas ['+0', '+0', '+0'] (median +0s)
   dw sustained runs: 36 pass run-basis gates (0.200/day)
   mined kettle cluster: n=1222 dur_p50=1.4min (mark 1.4min)
   mined microwave cluster: n=579 dur_p50=1.4min (mark 1.9min)
   mined program chains: 198 pass structure, named wm=26 dw=0
   wm sustained profile: mark window 1 has no heater blocks; skipped
   wm sustained profile: span=3-331min amp>=543W mean=358-1312W hs=0.27-1.01 idle<=980W dens=0.150-1.240/min heater_gap_merge=45min ext_back=4.1min ext_fwd=3.2min
   wm sustained runs: 46 net-new candidates (0.256/day)
   kettle sustained marks: 1/5 windows hold an isolated in-band run
   fridge fallback: population band amp=22-89W dur=11-37min n=10496
   fridge run-basis: 655 net-new candidates (3.64/day)
   mark profiles: kettle amp=110W dur=25.7min mean=112W; microwave amp=932W dur=2.7min mean=477W; fridge amp=234W dur=0.3min mean=440W
   mined 29659 level-excursion events from 180 pre-span days
   mined kettle cluster: n=1246 dur_p50=9.0min (mark 25.7min)
   mined microwave cluster: n=272 dur_p50=2.5min (mark 2.7min)
   mined program chains: 0 pass structure, named wm=0 dw=0
   dw sustained detector disabled (mark windows produced no heater runs)
   kettle sustained marks: 1/5 windows hold an isolated in-band run
   fridge fallback: population band amp=21-89W dur=10-37min n=5133
   fridge run-basis: 0 net-new candidates (0.00/day)
   mark profiles: kettle amp=2785W dur=1.7min mean=2641W; microwave amp=1744W dur=2.3min mean=695W; fridge amp=511W dur=0.4min mean=1107W; washing_machine amp=1955W dur=128.9min mean=644W dens=0.17-0.59/min; dishwasher amp=2407W dur=98.3min mean=929W dens=0.20-0.25/min
   mined 35198 level-excursion events from 180 pre-span days
   dw sustained profile: span=48-122min amp>=1990W mean=974-1884W hs=0.30-0.93 idle<=640W dens<=0.830/min heater_gap_merge=39min ext_back=17.5min ext_fwd=0.0min pre_offs=['-1.0', '1.0', '17.5', '18.5', '18.0']
   dw synth onset check: emitted-vs-pasted onset deltas ['+0', '+30', '+60'] (median +30s)
   dw sustained runs: 33 pass run-basis gates (0.183/day)
   mined kettle cluster: n=1283 dur_p50=1.5min (mark 1.7min)
   mined microwave cluster: n=306 dur_p50=1.0min (mark 2.3min)
   mined program chains: 113 pass structure, named wm=23 dw=0
   wm sustained profile: span=10-109min amp>=1902W mean=658-3406W hs=0.12-1.75 idle<=1596W dens=0.155-1.185/min heater_gap_merge=89min ext_back=8.4min ext_fwd=40.2min
   wm sustained runs: 10 net-new candidates (0.056/day)
   kettle sustained marks: 5/5 windows hold an isolated in-band run
   kettle sustained runs: 264 net-new candidates (1.47/day)
   fridge fallback: population band amp=22-89W dur=11-37min n=10496
   fridge run-basis: 0 net-new candidates (0.00/day)
---- scored 66 pairs on 5 seeds in 65s
  kettle           F1 (median over seeds of the pair mean) = 0.5241
  microwave        F1 (median over seeds of the pair mean) = 0.2393
  fridge           F1 (median over seeds of the pair mean) = 0.3288
  washing_machine  F1 (median over seeds of the pair mean) = 0.2166
  dishwasher       F1 (median over seeds of the pair mean) = 0.3422
  seed 1     mean_device_f1 = 0.313629
  seed 2     mean_device_f1 = 0.320532
  seed 3     mean_device_f1 = 0.313966
  seed 4     mean_device_f1 = 0.304419
  seed 2026  mean_device_f1 = 0.305584
  pair-mean          median=0.313629 p10=0.304885
  device-balanced    median=0.313828
  house_1 subset     median=0.484560
METRIC mean_device_f1=0.313629
METRIC mean_device_f1_p10=0.304885
METRIC device_balanced_mean=0.313828
METRIC house_1_v4_mean=0.484560
METRIC v4_n_pairs=66.000000
METRIC v4_n_houses=20.000000
METRIC median_kettle_f1=0.524061
METRIC median_microwave_f1=0.239266
METRIC median_fridge_f1=0.328763
METRIC median_washing_machine_f1=0.216631
METRIC median_dishwasher_f1=0.342203
