loading data (cached under .auto/cache) ...
   calib kettle: 5 sessions of 2656 available
   calib microwave: 5 sessions of 2055 available
   calib fridge: 5 sessions of 191926 available
   calib washing_machine: 5 sessions of 20322 available
   calib dishwasher: 5 sessions of 9334 available
building + training model (src/experiments/04_autoresearch/model.py) ...
   per-device pos_weight: {'kettle': 34.1, 'microwave': 50.0, 'fridge': 1.3, 'washing_machine': 50.0, 'dishwasher': 1.0}
   epoch 0: train_mse_on=2.04050 bce=27.67087 val_mse_on=0.01110 val_mse_full=0.17358
   epoch 1: train_mse_on=0.28853 bce=21.33250 val_mse_on=0.00729 val_mse_full=0.17978
   epoch 2: train_mse_on=0.18736 bce=17.22293 val_mse_on=0.00714 val_mse_full=0.15585
   epoch 3: train_mse_on=0.15815 bce=14.07574 val_mse_on=0.00641 val_mse_full=0.14253
   epoch 4: train_mse_on=0.14313 bce=13.03762 val_mse_on=0.00507 val_mse_full=0.15170
   epoch 5: train_mse_on=0.12928 bce=12.13725 val_mse_on=0.00547 val_mse_full=0.17317
   epoch 6: train_mse_on=0.12375 bce=11.50410 val_mse_on=0.00544 val_mse_full=0.14157
   epoch 7: train_mse_on=0.11208 bce=10.43708 val_mse_on=0.00440 val_mse_full=0.15426
   epoch 8: train_mse_on=0.11234 bce=10.13696 val_mse_on=0.00498 val_mse_full=0.14504
   epoch 9: train_mse_on=0.10983 bce=9.45356 val_mse_on=0.00407 val_mse_full=0.17320
   epoch 10: train_mse_on=0.10311 bce=8.79661 val_mse_on=0.00447 val_mse_full=0.15588
   epoch 11: train_mse_on=0.10103 bce=8.37671 val_mse_on=0.00459 val_mse_full=0.14412
   epoch 12: train_mse_on=0.10252 bce=7.84009 val_mse_on=0.00367 val_mse_full=0.15706
   epoch 13: train_mse_on=0.09412 bce=7.60763 val_mse_on=0.00366 val_mse_full=0.16388
   epoch 14: train_mse_on=0.13508 bce=7.62271 val_mse_on=0.00582 val_mse_full=0.13383
   epoch 15: train_mse_on=0.17698 bce=7.38335 val_mse_on=0.00343 val_mse_full=0.19265
   epoch 16: train_mse_on=0.09248 bce=7.15823 val_mse_on=0.00360 val_mse_full=0.16804
   epoch 17: train_mse_on=0.08358 bce=6.83537 val_mse_on=0.00381 val_mse_full=0.14198
   epoch 18: train_mse_on=0.08492 bce=6.81484 val_mse_on=0.00341 val_mse_full=0.16154
   epoch 19: train_mse_on=0.08132 bce=6.59535 val_mse_on=0.00348 val_mse_full=0.14504
   epoch 20: train_mse_on=0.07929 bce=6.44696 val_mse_on=0.00295 val_mse_full=0.15585
   epoch 21: train_mse_on=0.07130 bce=6.28303 val_mse_on=0.00425 val_mse_full=0.15510
   epoch 22: train_mse_on=0.07632 bce=6.10695 val_mse_on=0.00299 val_mse_full=0.15992
   epoch 23: train_mse_on=0.07518 bce=5.97016 val_mse_on=0.00318 val_mse_full=0.15197
   calib-gate kettle: sigON p05/p50/p95=0.00/0.81/1.00 sigOFF p50/p95=0.00/0.78 gate=0.39 | amp med_pred=2910W med_true=2331W r=0.80 (x3996)
   calib-gate microwave: sigON p05/p50/p95=0.00/0.00/0.00 sigOFF p50/p95=0.00/0.00 gate=0.05 | amp med_pred=1061W med_true=1588W r=1.50 (x2668)
   calib-gate fridge: sigON p05/p50/p95=0.09/0.13/0.22 sigOFF p50/p95=0.15/0.28 gate=0.18 | amp med_pred=59W med_true=90W r=1.51 (x2048)
   calib-gate washing_machine: sigON p05/p50/p95=0.96/1.00/1.00 sigOFF p50/p95=0.98/1.00 gate=0.95 | amp med_pred=1174W med_true=1778W r=1.51 (x2974)
   calib-gate dishwasher: sigON p05/p50/p95=0.00/0.00/1.00 sigOFF p50/p95=0.00/0.00 gate=0.05 | amp med_pred=16W med_true=122W r=4.00 (x3964)
   gate_thr: {'kettle': 0.39, 'microwave': 0.05, 'fridge': 0.18, 'washing_machine': 0.95, 'dishwasher': 0.05}
predicting eval span ...
   prediction done in 1.4s

device            n_gt   n_pred  match     P      R      F1     MAE_W   nMAE
kettle              299     263     90   0.342  0.301  0.320      16.8  0.0489
microwave           262      85      3   0.035  0.011  0.017      10.7  0.0312
fridge            28034    9924    798   0.080  0.028  0.042      50.4  0.1470
washing_machine    2966     471     13   0.028  0.004  0.008      75.2  0.2193
dishwasher         1353     816     16   0.020  0.012  0.015     119.2  0.3475
pooled: n_gt=32914 n_pred=11559 n_matched=920 F1=0.041
coverage: pred=0.882 true=0.258 of aggregate

METRIC min_device_f1=0.007565
METRIC mean_device_f1=0.080388
METRIC pooled_episode_f1=0.041373
METRIC mean_mae_w=54.4510
METRIC worst_mae_w=119.1790
METRIC mean_nmae=0.158765
METRIC coverage_pred_share=0.882247
METRIC coverage_true_share=0.258188
METRIC min_device_f1=0.007565
elapsed 144s -> /root/longvdh/agent_space/projects/watt-wiser/.auto/last_bench.json
